Archive member included to satisfy reference by file (symbol)

d:/programs/gnu tools arm embedded/8 2018-q4-major/bin/../lib/gcc/arm-none-eabi/8.2.1/../../../../arm-none-eabi/lib/thumb/v7e-m+fp/hard\libc_nano.a(lib_a-calloc.o)
                              build/main.o (calloc)
d:/programs/gnu tools arm embedded/8 2018-q4-major/bin/../lib/gcc/arm-none-eabi/8.2.1/../../../../arm-none-eabi/lib/thumb/v7e-m+fp/hard\libc_nano.a(lib_a-exit.o)
                              d:/programs/gnu tools arm embedded/8 2018-q4-major/bin/../lib/gcc/arm-none-eabi/8.2.1/../../../../arm-none-eabi/lib/thumb/v7e-m+fp/hard/crt0.o (exit)
d:/programs/gnu tools arm embedded/8 2018-q4-major/bin/../lib/gcc/arm-none-eabi/8.2.1/../../../../arm-none-eabi/lib/thumb/v7e-m+fp/hard\libc_nano.a(lib_a-impure.o)
                              d:/programs/gnu tools arm embedded/8 2018-q4-major/bin/../lib/gcc/arm-none-eabi/8.2.1/../../../../arm-none-eabi/lib/thumb/v7e-m+fp/hard\libc_nano.a(lib_a-exit.o) (_global_impure_ptr)
d:/programs/gnu tools arm embedded/8 2018-q4-major/bin/../lib/gcc/arm-none-eabi/8.2.1/../../../../arm-none-eabi/lib/thumb/v7e-m+fp/hard\libc_nano.a(lib_a-init.o)
                              d:/programs/gnu tools arm embedded/8 2018-q4-major/bin/../lib/gcc/arm-none-eabi/8.2.1/../../../../arm-none-eabi/lib/thumb/v7e-m+fp/hard/crt0.o (__libc_init_array)
d:/programs/gnu tools arm embedded/8 2018-q4-major/bin/../lib/gcc/arm-none-eabi/8.2.1/../../../../arm-none-eabi/lib/thumb/v7e-m+fp/hard\libc_nano.a(lib_a-malloc.o)
                              build/usbh_msc.o (malloc)
d:/programs/gnu tools arm embedded/8 2018-q4-major/bin/../lib/gcc/arm-none-eabi/8.2.1/../../../../arm-none-eabi/lib/thumb/v7e-m+fp/hard\libc_nano.a(lib_a-memcpy-stub.o)
                              build/queue.o (memcpy)
d:/programs/gnu tools arm embedded/8 2018-q4-major/bin/../lib/gcc/arm-none-eabi/8.2.1/../../../../arm-none-eabi/lib/thumb/v7e-m+fp/hard\libc_nano.a(lib_a-memset.o)
                              d:/programs/gnu tools arm embedded/8 2018-q4-major/bin/../lib/gcc/arm-none-eabi/8.2.1/../../../../arm-none-eabi/lib/thumb/v7e-m+fp/hard/crt0.o (memset)
d:/programs/gnu tools arm embedded/8 2018-q4-major/bin/../lib/gcc/arm-none-eabi/8.2.1/../../../../arm-none-eabi/lib/thumb/v7e-m+fp/hard\libc_nano.a(lib_a-nano-callocr.o)
                              d:/programs/gnu tools arm embedded/8 2018-q4-major/bin/../lib/gcc/arm-none-eabi/8.2.1/../../../../arm-none-eabi/lib/thumb/v7e-m+fp/hard\libc_nano.a(lib_a-calloc.o) (_calloc_r)
d:/programs/gnu tools arm embedded/8 2018-q4-major/bin/../lib/gcc/arm-none-eabi/8.2.1/../../../../arm-none-eabi/lib/thumb/v7e-m+fp/hard\libc_nano.a(lib_a-nano-freer.o)
                              d:/programs/gnu tools arm embedded/8 2018-q4-major/bin/../lib/gcc/arm-none-eabi/8.2.1/../../../../arm-none-eabi/lib/thumb/v7e-m+fp/hard\libc_nano.a(lib_a-malloc.o) (_free_r)
d:/programs/gnu tools arm embedded/8 2018-q4-major/bin/../lib/gcc/arm-none-eabi/8.2.1/../../../../arm-none-eabi/lib/thumb/v7e-m+fp/hard\libc_nano.a(lib_a-nano-mallocr.o)
                              d:/programs/gnu tools arm embedded/8 2018-q4-major/bin/../lib/gcc/arm-none-eabi/8.2.1/../../../../arm-none-eabi/lib/thumb/v7e-m+fp/hard\libc_nano.a(lib_a-malloc.o) (_malloc_r)
d:/programs/gnu tools arm embedded/8 2018-q4-major/bin/../lib/gcc/arm-none-eabi/8.2.1/../../../../arm-none-eabi/lib/thumb/v7e-m+fp/hard\libc_nano.a(lib_a-sbrkr.o)
                              d:/programs/gnu tools arm embedded/8 2018-q4-major/bin/../lib/gcc/arm-none-eabi/8.2.1/../../../../arm-none-eabi/lib/thumb/v7e-m+fp/hard\libc_nano.a(lib_a-nano-mallocr.o) (_sbrk_r)
d:/programs/gnu tools arm embedded/8 2018-q4-major/bin/../lib/gcc/arm-none-eabi/8.2.1/../../../../arm-none-eabi/lib/thumb/v7e-m+fp/hard\libc_nano.a(lib_a-sprintf.o)
                              build/main.o (sprintf)
d:/programs/gnu tools arm embedded/8 2018-q4-major/bin/../lib/gcc/arm-none-eabi/8.2.1/../../../../arm-none-eabi/lib/thumb/v7e-m+fp/hard\libc_nano.a(lib_a-mlock.o)
                              d:/programs/gnu tools arm embedded/8 2018-q4-major/bin/../lib/gcc/arm-none-eabi/8.2.1/../../../../arm-none-eabi/lib/thumb/v7e-m+fp/hard\libc_nano.a(lib_a-nano-freer.o) (__malloc_lock)
d:/programs/gnu tools arm embedded/8 2018-q4-major/bin/../lib/gcc/arm-none-eabi/8.2.1/../../../../arm-none-eabi/lib/thumb/v7e-m+fp/hard\libc_nano.a(lib_a-nano-svfprintf.o)
                              d:/programs/gnu tools arm embedded/8 2018-q4-major/bin/../lib/gcc/arm-none-eabi/8.2.1/../../../../arm-none-eabi/lib/thumb/v7e-m+fp/hard\libc_nano.a(lib_a-sprintf.o) (_svfprintf_r)
d:/programs/gnu tools arm embedded/8 2018-q4-major/bin/../lib/gcc/arm-none-eabi/8.2.1/../../../../arm-none-eabi/lib/thumb/v7e-m+fp/hard\libc_nano.a(lib_a-nano-vfprintf_i.o)
[...]
Memory Configuration

Name             Origin             Length             Attributes
RAM              0x20000000         0x00030000         xrw
CCMRAM           0x10000000         0x00010000         rw
FLASH            0x08000000         0x00200000         xr
*default*        0x00000000         0xffffffff

Linker script and memory map

LOAD d:/programs/gnu tools arm embedded/8 2018-q4-major/bin/../lib/gcc/arm-none-eabi/8.2.1/thumb/v7e-m+fp/hard/crti.o
LOAD d:/programs/gnu tools arm embedded/8 2018-q4-major/bin/../lib/gcc/arm-none-eabi/8.2.1/thumb/v7e-m+fp/hard/crtbegin.o
LOAD d:/programs/gnu tools arm embedded/8 2018-q4-major/bin/../lib/gcc/arm-none-eabi/8.2.1/../../../../arm-none-eabi/lib/thumb/v7e-m+fp/hard/crt0.o
LOAD build/system_stm32f4xx.o
LOAD build/stm32f4xx_ll_spi.o
LOAD build/stm32f4xx_hal_sdram.o
LOAD build/stm32f4xx_hal_pwr_ex.o
LOAD build/stm32f4xx_hal_rtc_ex.o
LOAD build/stm32f4xx_ll_adc.o
LOAD build/stm32f4xx_hal_dac_ex.o
LOAD build/stm32f4xx_ll_tim.o
LOAD build/stm32f4xx_hal_wwdg.o
LOAD build/stm32f4xx_hal_rcc.o
LOAD build/stm32f4xx_hal_sai_ex.o
LOAD build/stm32f4xx_ll_lptim.o
LOAD build/stm32f4xx_hal_usart.o
LOAD build/stm32f4xx_hal_sd.o
LOAD build/stm32f4xx_hal_dma_ex.o
LOAD build/stm32f4xx_hal_tim.o
LOAD build/stm32f4xx_ll_rng.o
LOAD build/stm32f4xx_hal_eth.o
LOAD build/stm32f4xx_hal_uart.o
LOAD build/stm32f4xx_hal_sram.o
LOAD build/stm32f4xx_hal_i2c.o
LOAD build/stm32f4xx_hal_rtc.o
LOAD build/stm32f4xx_hal_hash_ex.o
LOAD build/stm32f4xx_hal_qspi.o
LOAD build/stm32f4xx_hal_nor.o
LOAD build/stm32f4xx_hal_flash_ex.o
LOAD build/stm32f4xx_hal_nand.o
LOAD build/stm32f4xx_hal_can.o
LOAD build/stm32f4xx_hal_dac.o
LOAD build/stm32f4xx_hal_fmpi2c_ex.o
LOAD build/stm32f4xx_hal_spdifrx.o
LOAD build/stm32f4xx_hal_cec.o
LOAD build/stm32f4xx_hal_pccard.o
LOAD build/stm32f4xx_hal_dsi.o
LOAD build/stm32f4xx_hal_dma.o
LOAD build/stm32f4xx_hal_smbus.o
LOAD build/stm32f4xx_ll_sdmmc.o
LOAD build/stm32f4xx_hal_i2c_ex.o
LOAD build/stm32f4xx_hal_adc_ex.o
LOAD build/stm32f4xx_hal_dfsdm.o
LOAD build/stm32f4xx_ll_usart.o
LOAD build/stm32f4xx_hal_iwdg.o
LOAD build/stm32f4xx_hal_cortex.o
LOAD build/stm32f4xx_hal_flash_ramfunc.o
LOAD build/stm32f4xx_ll_dac.o
LOAD build/stm32f4xx_hal_ltdc_ex.o
LOAD build/stm32f4xx_hal_hash.o
LOAD build/stm32f4xx_ll_usb.o
LOAD build/stm32f4xx_ll_rtc.o
LOAD build/stm32f4xx_hal_cryp_ex.o
LOAD build/stm32f4xx_hal_sai.o
LOAD build/stm32f4xx_hal_dma2d.o
LOAD build/stm32f4xx_hal_exti.o
LOAD build/stm32f4xx_hal_fmpi2c.o
LOAD build/stm32f4xx_hal_smartcard.o
LOAD build/stm32f4xx_ll_i2c.o
LOAD build/stm32f4xx_hal_gpio.o
LOAD build/stm32f4xx_hal_i2s.o
LOAD build/stm32f4xx_hal_spi.o
LOAD build/stm32f4xx_hal_lptim.o
LOAD build/stm32f4xx_hal_adc.o
LOAD build/stm32f4xx_hal_pcd_ex.o
LOAD build/stm32f4xx_hal_dcmi_ex.o
LOAD build/stm32f4xx_ll_exti.o
LOAD build/stm32f4xx_hal_ltdc.o
LOAD build/stm32f4xx_hal_pwr.o
LOAD build/stm32f4xx_ll_dma.o
LOAD build/stm32f4xx_ll_utils.o
LOAD build/stm32f4xx_hal_rng.o
LOAD build/stm32f4xx_hal_cryp.o
LOAD build/stm32f4xx_ll_dma2d.o
LOAD build/stm32f4xx_hal.o
LOAD build/stm32f4xx_ll_rcc.o
LOAD build/stm32f4xx_hal_rcc_ex.o
LOAD build/stm32f4xx_ll_pwr.o
LOAD build/stm32f4xx_hal_i2s_ex.o
LOAD build/stm32f4xx_ll_fsmc.o
LOAD build/stm32f4xx_ll_crc.o
LOAD build/stm32f4xx_hal_irda.o
LOAD build/stm32f4xx_hal_tim_ex.o
LOAD build/stm32f4xx_ll_fmc.o
LOAD build/stm32f4xx_hal_pcd.o
LOAD build/stm32f4xx_hal_dcmi.o
LOAD build/stm32f4xx_hal_hcd.o
LOAD build/stm32f4xx_hal_mmc.o
LOAD build/stm32f4xx_hal_crc.o
LOAD build/stm32f4xx_hal_flash.o
LOAD build/stm32f4xx_ll_gpio.o
LOAD build/ili9341.o
LOAD build/l3gd20.o
LOAD build/stmpe811.o
LOAD build/stm32f429i_discovery_io.o
LOAD build/stm32f429i_discovery.o
LOAD build/stm32f429i_discovery_lcd.o
LOAD build/stm32f429i_discovery_sdram.o
LOAD build/stm32f429i_discovery_gyroscope.o
LOAD build/stm32f429i_discovery_eeprom.o
LOAD build/stm32f429i_discovery_ts.o
LOAD build/cmsis_os.o
LOAD build/tasks.o
LOAD build/event_groups.o
LOAD build/list.o
LOAD build/croutine.o
LOAD build/queue.o
LOAD build/timers.o
LOAD build/stream_buffer.o
LOAD build/mpu_wrappers.o
LOAD build/port.o
LOAD build/heap_2.o
LOAD build/cpu_utils.o
LOAD build/LCDConf_stm32f429i_disco_MB1075.o
LOAD build/GUIConf.o
LOAD build/GUI_X_OS.o
LOAD build/usbh_ioreq.o
LOAD build/usbh_ctlreq.o
LOAD build/usbh_pipes.o
LOAD build/usbh_core.o
LOAD build/usbh_msc_bot.o
LOAD build/usbh_msc.o
LOAD build/usbh_msc_scsi.o
LOAD build/diskio.o
LOAD build/ff_gen_drv.o
LOAD build/ffunicode.o
LOAD build/ff.o
LOAD build/syscall.o
LOAD build/stm32f4xx_it.o
LOAD build/main.o
LOAD build/usbh_conf.o
LOAD build/usbh_diskio_dma.o
LOAD build/startup_stm32f429xx.o
LOAD d:/programs/gnu tools arm embedded/8 2018-q4-major/bin/../lib/gcc/arm-none-eabi/8.2.1/../../../../arm-none-eabi/lib/thumb/v7e-m+fp/hard\libc_nano.a
LOAD d:/programs/gnu tools arm embedded/8 2018-q4-major/bin/../lib/gcc/arm-none-eabi/8.2.1/../../../../arm-none-eabi/lib/thumb/v7e-m+fp/hard\libm.a
LOAD d:/programs/gnu tools arm embedded/8 2018-q4-major/bin/../lib/gcc/arm-none-eabi/8.2.1/../../../../arm-none-eabi/lib/thumb/v7e-m+fp/hard\libnosys.a
LOAD ../Middlewares/STemWin/Lib/STemWin_CM4_OS_wc32.a
START GROUP
LOAD d:/programs/gnu tools arm embedded/8 2018-q4-major/bin/../lib/gcc/arm-none-eabi/8.2.1/thumb/v7e-m+fp/hard\libgcc.a
LOAD d:/programs/gnu tools arm embedded/8 2018-q4-major/bin/../lib/gcc/arm-none-eabi/8.2.1/../../../../arm-none-eabi/lib/thumb/v7e-m+fp/hard\libc_nano.a
END GROUP
START GROUP
LOAD d:/programs/gnu tools arm embedded/8 2018-q4-major/bin/../lib/gcc/arm-none-eabi/8.2.1/thumb/v7e-m+fp/hard\libgcc.a
LOAD d:/programs/gnu tools arm embedded/8 2018-q4-major/bin/../lib/gcc/arm-none-eabi/8.2.1/../../../../arm-none-eabi/lib/thumb/v7e-m+fp/hard\libc_nano.a
END GROUP
LOAD d:/programs/gnu tools arm embedded/8 2018-q4-major/bin/../lib/gcc/arm-none-eabi/8.2.1/thumb/v7e-m+fp/hard/crtend.o
LOAD d:/programs/gnu tools arm embedded/8 2018-q4-major/bin/../lib/gcc/arm-none-eabi/8.2.1/thumb/v7e-m+fp/hard/crtn.o
                0x20030000                _estack = 0x20030000
                0x00000200                _Min_Heap_Size = 0x200
                0x00000400                _Min_Stack_Size = 0x400

.isr_vector     0x08000000      0x1ac
                0x08000000                . = ALIGN (0x4)
 *(.isr_vector)
 .isr_vector    0x08000000      0x1ac build/startup_stm32f429xx.o
                0x08000000                g_pfnVectors
                0x080001ac                . = ALIGN (0x4)

.text           0x080001b0    0x165d0
                0x080001b0                . = ALIGN (0x4)
 *(.text)
 .text          0x080001b0       0x40 d:/programs/gnu tools arm embedded/8 2018-q4-major/bin/../lib/gcc/arm-none-eabi/8.2.1/thumb/v7e-m+fp/hard/crtbegin.o
 .text          0x080001f0       0xa0 d:/programs/gnu tools arm embedded/8 2018-q4-major/bin/../lib/gcc/arm-none-eabi/8.2.1/../../../../arm-none-eabi/lib/thumb/v7e-m+fp/hard\libc_nano.a(lib_a-memchr.o)
                0x080001f0                memchr
 .text          0x08000290       0x30 d:/programs/gnu tools arm embedded/8 2018-q4-major/bin/../lib/gcc/arm-none-eabi/8.2.1/thumb/v7e-m+fp/hard\libgcc.a(_aeabi_uldivmod.o)
                0x08000290                __aeabi_uldivmod
 .text          0x080002c0      0x2d0 d:/programs/gnu tools arm embedded/8 2018-q4-major/bin/../lib/gcc/arm-none-eabi/8.2.1/thumb/v7e-m+fp/hard\libgcc.a(_udivmoddi4.o)
                0x080002c0                __udivmoddi4
 .text          0x08000590        0x4 d:/programs/gnu tools arm embedded/8 2018-q4-major/bin/../lib/gcc/arm-none-eabi/8.2.1/thumb/v7e-m+fp/hard\libgcc.a(_dvmd_tls.o)
                0x08000590                __aeabi_idiv0
                0x08000590                __aeabi_ldiv0
 *(.text*)
 .text.SystemInit
                0x08000594       0x50 build/system_stm32f4xx.o
                0x08000594                SystemInit
 .text.HAL_SDRAM_MspInit
                0x080005e4        0x4 build/stm32f4xx_hal_sdram.o
                0x080005e4                HAL_SDRAM_MspInit
 .text.HAL_SDRAM_Init
                0x080005e8       0x44 build/stm32f4xx_hal_sdram.o
                0x080005e8                HAL_SDRAM_Init
 .text.HAL_SDRAM_SendCommand
                0x0800062c       0x34 build/stm32f4xx_hal_sdram.o
                0x0800062c                HAL_SDRAM_SendCommand
 .text.HAL_SDRAM_ProgramRefreshRate
                0x08000660       0x28 build/stm32f4xx_hal_sdram.o
                0x08000660                HAL_SDRAM_ProgramRefreshRate
 .text.HAL_RCC_OscConfig
                0x08000688      0x378 build/stm32f4xx_hal_rcc.o
                0x08000688                HAL_RCC_OscConfig
 .text.HAL_RCC_GetSysClockFreq
                0x08000a00       0x6c build/stm32f4xx_hal_rcc.o
                0x08000a00                HAL_RCC_GetSysClockFreq
 .text.HAL_RCC_ClockConfig
                0x08000a6c      0x138 build/stm32f4xx_hal_rcc.o
                0x08000a6c                HAL_RCC_ClockConfig
 .text.HAL_RCC_GetPCLK1Freq
                0x08000ba4       0x20 build/stm32f4xx_hal_rcc.o
                0x08000ba4                HAL_RCC_GetPCLK1Freq
 .text.I2C_WaitOnMasterAddressFlagUntilTimeout
                0x08000bc4       0x98 build/stm32f4xx_hal_i2c.o
 .text.I2C_RequestMemoryRead
                0x08000c5c      0x218 build/stm32f4xx_hal_i2c.o
 .text.I2C_RequestMemoryWrite
                0x08000e74      0x18c build/stm32f4xx_hal_i2c.o
 .text.HAL_I2C_MspInit
                0x08001000        0x4 build/stm32f4xx_hal_i2c.o
                0x08001000                HAL_I2C_MspInit
 .text.HAL_I2C_Init
                0x08001004      0x174 build/stm32f4xx_hal_i2c.o
                0x08001004                HAL_I2C_Init
 .text.HAL_I2C_MspDeInit
                0x08001178        0x4 build/stm32f4xx_hal_i2c.o
                0x08001178                HAL_I2C_MspDeInit
 .text.HAL_I2C_DeInit
                0x0800117c       0x34 build/stm32f4xx_hal_i2c.o
                0x0800117c                HAL_I2C_DeInit
 .text.HAL_I2C_Mem_Write
                0x080011b0      0x1f0 build/stm32f4xx_hal_i2c.o
                0x080011b0                HAL_I2C_Mem_Write
 .text.HAL_I2C_Mem_Read
                0x080013a0      0x30c build/stm32f4xx_hal_i2c.o
                0x080013a0                HAL_I2C_Mem_Read
 .text.HAL_I2C_GetState
                0x080016ac        0x8 build/stm32f4xx_hal_i2c.o
                0x080016ac                HAL_I2C_GetState
 .text.HAL_DMA_Init
                0x080016b4      0x13c build/stm32f4xx_hal_dma.o
                0x080016b4                HAL_DMA_Init
 .text.HAL_DMA_DeInit
                0x080017f0       0x80 build/stm32f4xx_hal_dma.o
                0x080017f0                HAL_DMA_DeInit
 .text.HAL_NVIC_SetPriorityGrouping
                0x08001870       0x24 build/stm32f4xx_hal_cortex.o
                0x08001870                HAL_NVIC_SetPriorityGrouping
 .text.HAL_NVIC_SetPriority
                0x08001894       0x6c build/stm32f4xx_hal_cortex.o
                0x08001894                HAL_NVIC_SetPriority
 .text.HAL_NVIC_EnableIRQ
                0x08001900       0x1c build/stm32f4xx_hal_cortex.o
                0x08001900                HAL_NVIC_EnableIRQ
 .text.HAL_SYSTICK_Config
                0x0800191c       0x34 build/stm32f4xx_hal_cortex.o
                0x0800191c                HAL_SYSTICK_Config
 .text.USB_CoreInit
                0x08001950       0xd4 build/stm32f4xx_ll_usb.o
                0x08001950                USB_CoreInit
 .text.USB_EnableGlobalInt
                0x08001a24       0x10 build/stm32f4xx_ll_usb.o
                0x08001a24                USB_EnableGlobalInt
 .text.USB_DisableGlobalInt
                0x08001a34       0x10 build/stm32f4xx_ll_usb.o
                0x08001a34                USB_DisableGlobalInt
 .text.USB_SetCurrentMode
                0x08001a44       0x30 build/stm32f4xx_ll_usb.o
                0x08001a44                USB_SetCurrentMode
 .text.USB_ReadPacket
                0x08001a74       0x24 build/stm32f4xx_ll_usb.o
                0x08001a74                USB_ReadPacket
 .text.USB_ReadInterrupts
                0x08001a98        0x8 build/stm32f4xx_ll_usb.o
                0x08001a98                USB_ReadInterrupts
 .text.USB_GetMode
                0x08001aa0        0x8 build/stm32f4xx_ll_usb.o
                0x08001aa0                USB_GetMode
 .text.USB_HostInit
                0x08001aa8      0x12c build/stm32f4xx_ll_usb.o
                0x08001aa8                USB_HostInit
 .text.USB_InitFSLSPClkSel
                0x08001bd4       0x3c build/stm32f4xx_ll_usb.o
                0x08001bd4                USB_InitFSLSPClkSel
 .text.USB_ResetPort
                0x08001c10       0x40 build/stm32f4xx_ll_usb.o
                0x08001c10                USB_ResetPort
 .text.USB_DriveVbus
                0x08001c50       0x48 build/stm32f4xx_ll_usb.o
                0x08001c50                USB_DriveVbus
 .text.USB_GetHostSpeed
                0x08001c98       0x18 build/stm32f4xx_ll_usb.o
                0x08001c98                USB_GetHostSpeed
 .text.USB_GetCurrentFrame
                0x08001cb0        0xc build/stm32f4xx_ll_usb.o
                0x08001cb0                USB_GetCurrentFrame
 .text.USB_HC_Init
                0x08001cbc      0x140 build/stm32f4xx_ll_usb.o
                0x08001cbc                USB_HC_Init
 .text.USB_HC_StartXfer
                0x08001dfc      0x1ac build/stm32f4xx_ll_usb.o
                0x08001dfc                USB_HC_StartXfer
 .text.USB_HC_ReadInterrupt
                0x08001fa8        0xc build/stm32f4xx_ll_usb.o
                0x08001fa8                USB_HC_ReadInterrupt
 .text.USB_HC_Halt
                0x08001fb4       0xbc build/stm32f4xx_ll_usb.o
                0x08001fb4                USB_HC_Halt
 .text.USB_StopHost
                0x08002070      0x17c build/stm32f4xx_ll_usb.o
                0x08002070                USB_StopHost
 .text.HAL_DMA2D_Init
                0x080021ec       0x5c build/stm32f4xx_hal_dma2d.o
                0x080021ec                HAL_DMA2D_Init
 .text.HAL_GPIO_Init
                0x08002248      0x280 build/stm32f4xx_hal_gpio.o
                0x08002248                HAL_GPIO_Init
 .text.HAL_GPIO_WritePin
                0x080024c8        0x8 build/stm32f4xx_hal_gpio.o
                0x080024c8                HAL_GPIO_WritePin
 .text.SPI_EndRxTxTransaction
                0x080024d0       0xc4 build/stm32f4xx_hal_spi.o
 .text.HAL_SPI_MspInit
                0x08002594        0x4 build/stm32f4xx_hal_spi.o
                0x08002594                HAL_SPI_MspInit
 .text.HAL_SPI_Init
                0x08002598       0x8c build/stm32f4xx_hal_spi.o
                0x08002598                HAL_SPI_Init
 .text.HAL_SPI_MspDeInit
                0x08002624        0x4 build/stm32f4xx_hal_spi.o
                0x08002624                HAL_SPI_MspDeInit
 .text.HAL_SPI_DeInit
                0x08002628       0x2c build/stm32f4xx_hal_spi.o
                0x08002628                HAL_SPI_DeInit
 .text.HAL_SPI_Transmit
                0x08002654      0x224 build/stm32f4xx_hal_spi.o
                0x08002654                HAL_SPI_Transmit
 .text.HAL_SPI_GetState
                0x08002878        0x8 build/stm32f4xx_hal_spi.o
                0x08002878                HAL_SPI_GetState
 .text.LTDC_SetConfig
                0x08002880      0x12c build/stm32f4xx_hal_ltdc.o
 .text.HAL_LTDC_Init
                0x080029ac       0xe0 build/stm32f4xx_hal_ltdc.o
                0x080029ac                HAL_LTDC_Init
 .text.HAL_LTDC_DeInit
                0x08002a8c       0x18 build/stm32f4xx_hal_ltdc.o
                0x08002a8c                HAL_LTDC_DeInit
 .text.HAL_LTDC_ErrorCallback
                0x08002aa4        0x4 build/stm32f4xx_hal_ltdc.o
                0x08002aa4                HAL_LTDC_ErrorCallback
 .text.HAL_LTDC_ReloadEventCallback
                0x08002aa8        0x4 build/stm32f4xx_hal_ltdc.o
                0x08002aa8                HAL_LTDC_ReloadEventCallback
 .text.HAL_LTDC_IRQHandler
                0x08002aac       0xc4 build/stm32f4xx_hal_ltdc.o
                0x08002aac                HAL_LTDC_IRQHandler
 .text.HAL_LTDC_ConfigLayer
                0x08002b70       0x60 build/stm32f4xx_hal_ltdc.o
                0x08002b70                HAL_LTDC_ConfigLayer
 .text.HAL_LTDC_ConfigColorKeying
                0x08002bd0       0x40 build/stm32f4xx_hal_ltdc.o
                0x08002bd0                HAL_LTDC_ConfigColorKeying
 .text.HAL_LTDC_ConfigCLUT
                0x08002c10       0x7c build/stm32f4xx_hal_ltdc.o
                0x08002c10                HAL_LTDC_ConfigCLUT
 .text.HAL_LTDC_EnableColorKeying
                0x08002c8c       0x38 build/stm32f4xx_hal_ltdc.o
                0x08002c8c                HAL_LTDC_EnableColorKeying
 .text.HAL_LTDC_DisableColorKeying
                0x08002cc4       0x38 build/stm32f4xx_hal_ltdc.o
                0x08002cc4                HAL_LTDC_DisableColorKeying
 .text.HAL_LTDC_EnableCLUT
                0x08002cfc       0x38 build/stm32f4xx_hal_ltdc.o
                0x08002cfc                HAL_LTDC_EnableCLUT
 .text.HAL_LTDC_SetWindowPosition
                0x08002d34       0x64 build/stm32f4xx_hal_ltdc.o
                0x08002d34                HAL_LTDC_SetWindowPosition
 .text.HAL_LTDC_SetAlpha
                0x08002d98       0x44 build/stm32f4xx_hal_ltdc.o
                0x08002d98                HAL_LTDC_SetAlpha
 .text.HAL_LTDC_SetAddress
                0x08002ddc       0x44 build/stm32f4xx_hal_ltdc.o
                0x08002ddc                HAL_LTDC_SetAddress
 .text.HAL_LTDC_ProgramLineEvent
                0x08002e20       0x40 build/stm32f4xx_hal_ltdc.o
                0x08002e20                HAL_LTDC_ProgramLineEvent
 .text.HAL_MspInit
                0x08002e60        0x4 build/stm32f4xx_hal.o
                0x08002e60                HAL_MspInit
 .text.HAL_InitTick
                0x08002e64       0x48 build/stm32f4xx_hal.o
                0x08002e64                HAL_InitTick
 .text.HAL_Init
                0x08002eac       0x34 build/stm32f4xx_hal.o
                0x08002eac                HAL_Init
 .text.HAL_GetTick
                0x08002ee0        0xc build/stm32f4xx_hal.o
                0x08002ee0                HAL_GetTick
 .text.HAL_RCCEx_PeriphCLKConfig
                0x08002eec      0x238 build/stm32f4xx_hal_rcc_ex.o
                0x08002eec                HAL_RCCEx_PeriphCLKConfig
 .text.FMC_SDRAM_Init
                0x08003124       0x80 build/stm32f4xx_ll_fmc.o
                0x08003124                FMC_SDRAM_Init
 .text.FMC_SDRAM_Timing_Init
                0x080031a4       0x94 build/stm32f4xx_ll_fmc.o
                0x080031a4                FMC_SDRAM_Timing_Init
 .text.FMC_SDRAM_SendCommand
                0x08003238       0x60 build/stm32f4xx_ll_fmc.o
                0x08003238                FMC_SDRAM_SendCommand
 .text.FMC_SDRAM_ProgramRefreshRate
                0x08003298       0x10 build/stm32f4xx_ll_fmc.o
                0x08003298                FMC_SDRAM_ProgramRefreshRate
 .text.HAL_HCD_HC_Init
                0x080032a8       0x74 build/stm32f4xx_hal_hcd.o
                0x080032a8                HAL_HCD_HC_Init
 .text.HAL_HCD_HC_Halt
                0x0800331c       0x24 build/stm32f4xx_hal_hcd.o
                0x0800331c                HAL_HCD_HC_Halt
 .text.HAL_HCD_Init
                0x08003340       0xa0 build/stm32f4xx_hal_hcd.o
                0x08003340                HAL_HCD_Init
 .text.HAL_HCD_HC_SubmitRequest
                0x080033e0       0xbc build/stm32f4xx_hal_hcd.o
                0x080033e0                HAL_HCD_HC_SubmitRequest
 .text.HAL_HCD_PortEnabled_Callback
                0x0800349c        0x4 build/stm32f4xx_hal_hcd.o
                0x0800349c                HAL_HCD_PortEnabled_Callback
 .text.HAL_HCD_PortDisabled_Callback
                0x080034a0        0x4 build/stm32f4xx_hal_hcd.o
                0x080034a0                HAL_HCD_PortDisabled_Callback
 .text.HAL_HCD_IRQHandler
                0x080034a4      0x778 build/stm32f4xx_hal_hcd.o
                0x080034a4                HAL_HCD_IRQHandler
 .text.HAL_HCD_Start
                0x08003c1c       0x2c build/stm32f4xx_hal_hcd.o
                0x08003c1c                HAL_HCD_Start
 .text.HAL_HCD_Stop
                0x08003c48       0x24 build/stm32f4xx_hal_hcd.o
                0x08003c48                HAL_HCD_Stop
 .text.HAL_HCD_ResetPort
                0x08003c6c        0x8 build/stm32f4xx_hal_hcd.o
                0x08003c6c                HAL_HCD_ResetPort
 .text.HAL_HCD_HC_GetURBState
                0x08003c74       0x10 build/stm32f4xx_hal_hcd.o
                0x08003c74                HAL_HCD_HC_GetURBState
 .text.HAL_HCD_HC_GetXferCount
                0x08003c84        0xc build/stm32f4xx_hal_hcd.o
                0x08003c84                HAL_HCD_HC_GetXferCount
 .text.HAL_HCD_GetCurrentFrame
                0x08003c90        0x8 build/stm32f4xx_hal_hcd.o
                0x08003c90                HAL_HCD_GetCurrentFrame
 .text.HAL_HCD_GetCurrentSpeed
                0x08003c98        0x8 build/stm32f4xx_hal_hcd.o
                0x08003c98                HAL_HCD_GetCurrentSpeed
 .text.ili9341_Init
                0x08003ca0      0x294 build/ili9341.o
                0x08003ca0                ili9341_Init
 .text.stmpe811_TS_ClearIT
                0x08003f34        0xc build/stmpe811.o
                0x08003f34                stmpe811_TS_ClearIT
 .text.stmpe811_Reset
                0x08003f40       0x28 build/stmpe811.o
                0x08003f40                stmpe811_Reset
 .text.stmpe811_ReadID
                0x08003f68       0x24 build/stmpe811.o
                0x08003f68                stmpe811_ReadID
 .text.stmpe811_TS_DetectTouch
                0x08003f8c       0x38 build/stmpe811.o
                0x08003f8c                stmpe811_TS_DetectTouch
 .text.stmpe811_TS_ITStatus
                0x08003fc4       0x10 build/stmpe811.o
                0x08003fc4                stmpe811_TS_ITStatus
 .text.stmpe811_TS_GetXY
                0x08003fd4       0x40 build/stmpe811.o
                0x08003fd4                stmpe811_TS_GetXY
 .text.stmpe811_TS_Start
                0x08004014       0xb0 build/stmpe811.o
                0x08004014                stmpe811_TS_Start
 .text.stmpe811_TS_DisableIT
                0x080040c4       0x30 build/stmpe811.o
                0x080040c4                stmpe811_TS_DisableIT
 .text.stmpe811_TS_EnableIT
                0x080040f4       0x38 build/stmpe811.o
                0x080040f4                stmpe811_TS_EnableIT
 .text.stmpe811_Init
                0x0800412c       0x48 build/stmpe811.o
                0x0800412c                stmpe811_Init
 .text.SPIx_Init.part.1
                0x08004174       0x90 build/stm32f429i_discovery.o
 .text.I2Cx_Init.part.3
                0x08004204       0xdc build/stm32f429i_discovery.o
 .text.BSP_LED_Init
                0x080042e0       0x78 build/stm32f429i_discovery.o
                0x080042e0                BSP_LED_Init
 .text.BSP_LED_On
                0x08004358       0x1c build/stm32f429i_discovery.o
                0x08004358                BSP_LED_On
 .text.BSP_LED_Off
                0x08004374       0x1c build/stm32f429i_discovery.o
                0x08004374                BSP_LED_Off
 .text.BSP_PB_Init
                0x08004390       0x80 build/stm32f429i_discovery.o
                0x08004390                BSP_PB_Init
 .text.LCD_IO_Init
                0x08004410       0xc8 build/stm32f429i_discovery.o
                0x08004410                LCD_IO_Init
 .text.LCD_IO_WriteData
                0x080044d8       0x68 build/stm32f429i_discovery.o
                0x080044d8                LCD_IO_WriteData
 .text.LCD_IO_WriteReg
                0x08004540       0x68 build/stm32f429i_discovery.o
                0x08004540                LCD_IO_WriteReg
 .text.LCD_Delay
                0x080045a8        0x4 build/stm32f429i_discovery.o
                0x080045a8                LCD_Delay
 .text.IOE_Init
                0x080045ac       0x18 build/stm32f429i_discovery.o
                0x080045ac                IOE_Init
 .text.IOE_ITConfig
                0x080045c4       0x54 build/stm32f429i_discovery.o
                0x080045c4                IOE_ITConfig
 .text.IOE_Write
                0x08004618       0x48 build/stm32f429i_discovery.o
                0x08004618                IOE_Write
 .text.IOE_Read
                0x08004660       0x54 build/stm32f429i_discovery.o
                0x08004660                IOE_Read
 .text.IOE_ReadMultiple
                0x080046b4       0x48 build/stm32f429i_discovery.o
                0x080046b4                IOE_ReadMultiple
 .text.IOE_Delay
                0x080046fc        0x4 build/stm32f429i_discovery.o
                0x080046fc                IOE_Delay
 .text.BSP_SDRAM_Initialization_sequence
                0x08004700       0xa0 build/stm32f429i_discovery_sdram.o
                0x08004700                BSP_SDRAM_Initialization_sequence
 .text.BSP_SDRAM_MspInit
                0x080047a0      0x18c build/stm32f429i_discovery_sdram.o
                0x080047a0                BSP_SDRAM_MspInit
 .text.BSP_SDRAM_Init
                0x0800492c       0x88 build/stm32f429i_discovery_sdram.o
                0x0800492c                BSP_SDRAM_Init
 .text.BSP_TS_Init
                0x080049b4       0x44 build/stm32f429i_discovery_ts.o
                0x080049b4                BSP_TS_Init
 .text.BSP_TS_GetState
                0x080049f8      0x10c build/stm32f429i_discovery_ts.o
                0x080049f8                BSP_TS_GetState
 .text.osThreadGetId
                0x08004b04        0x4 build/cmsis_os.o
                0x08004b04                osThreadGetId
 .text.osDelay  0x08004b08       0x10 build/cmsis_os.o
                0x08004b08                osDelay
 .text.osMutexCreate
                0x08004b18        0x8 build/cmsis_os.o
                0x08004b18                osMutexCreate
 .text.osMutexWait
                0x08004b20       0x58 build/cmsis_os.o
                0x08004b20                osMutexWait
 .text.osMutexRelease
                0x08004b78       0x50 build/cmsis_os.o
                0x08004b78                osMutexRelease
 .text.osSemaphoreCreate
                0x08004bc8       0x28 build/cmsis_os.o
                0x08004bc8                osSemaphoreCreate
 .text.osSemaphoreWait
                0x08004bf0       0x58 build/cmsis_os.o
                0x08004bf0                osSemaphoreWait
 .text.osSemaphoreRelease
                0x08004c48       0x50 build/cmsis_os.o
                0x08004c48                osSemaphoreRelease
 .text.osSemaphoreDelete
                0x08004c98       0x14 build/cmsis_os.o
                0x08004c98                osSemaphoreDelete
 .text.prvIdleTask
                0x08004cac       0x74 build/tasks.o
 .text.prvAddCurrentTaskToDelayedList
                0x08004d20       0x8c build/tasks.o
 .text.xTaskCreate
                0x08004dac      0x248 build/tasks.o
                0x08004dac                xTaskCreate
 .text.vTaskStartScheduler
                0x08004ff4      0x1f4 build/tasks.o
                0x08004ff4                vTaskStartScheduler
 .text.vTaskSuspendAll
                0x080051e8       0x10 build/tasks.o
                0x080051e8                vTaskSuspendAll
 .text.xTaskGetTickCount
                0x080051f8        0xc build/tasks.o
                0x080051f8                xTaskGetTickCount
 .text.xTaskGetTickCountFromISR
                0x08005204       0x10 build/tasks.o
                0x08005204                xTaskGetTickCountFromISR
 .text.xTaskIncrementTick
                0x08005214      0x170 build/tasks.o
                0x08005214                xTaskIncrementTick
 .text.xTaskResumeAll.part.5
                0x08005384      0x130 build/tasks.o
 .text.xTaskResumeAll
                0x080054b4       0x20 build/tasks.o
                0x080054b4                xTaskResumeAll
 .text.vTaskDelay
                0x080054d4       0x60 build/tasks.o
                0x080054d4                vTaskDelay
 .text.vTaskSwitchContext
                0x08005534       0x7c build/tasks.o
                0x08005534                vTaskSwitchContext
 .text.vTaskPlaceOnEventList
                0x080055b0       0xa0 build/tasks.o
                0x080055b0                vTaskPlaceOnEventList
 .text.vTaskPlaceOnEventListRestricted
                0x08005650       0x40 build/tasks.o
                0x08005650                vTaskPlaceOnEventListRestricted
 .text.xTaskRemoveFromEventList
                0x08005690       0x88 build/tasks.o
                0x08005690                xTaskRemoveFromEventList
 .text.vTaskInternalSetTimeOutState
                0x08005718       0x18 build/tasks.o
                0x08005718                vTaskInternalSetTimeOutState
 .text.xTaskCheckForTimeOut
                0x08005730       0x90 build/tasks.o
                0x08005730                xTaskCheckForTimeOut
 .text.vTaskMissedYield
                0x080057c0        0xc build/tasks.o
                0x080057c0                vTaskMissedYield
 .text.xTaskGetCurrentTaskHandle
                0x080057cc        0xc build/tasks.o
                0x080057cc                xTaskGetCurrentTaskHandle
 .text.xTaskGetSchedulerState
                0x080057d8       0x20 build/tasks.o
                0x080057d8                xTaskGetSchedulerState
 .text.xTaskPriorityInherit
                0x080057f8       0xac build/tasks.o
                0x080057f8                xTaskPriorityInherit
 .text.xTaskPriorityDisinherit
                0x080058a4       0xb4 build/tasks.o
                0x080058a4                xTaskPriorityDisinherit
 .text.vTaskPriorityDisinheritAfterTimeout
                0x08005958       0xc0 build/tasks.o
                0x08005958                vTaskPriorityDisinheritAfterTimeout
 .text.pvTaskIncrementMutexHeldCount
                0x08005a18       0x18 build/tasks.o
                0x08005a18                pvTaskIncrementMutexHeldCount
 .text.vListInitialise
                0x08005a30       0x18 build/list.o
                0x08005a30                vListInitialise
 .text.vListInitialiseItem
                0x08005a48        0x8 build/list.o
                0x08005a48                vListInitialiseItem
 .text.vListInsertEnd
                0x08005a50       0x20 build/list.o
                0x08005a50                vListInsertEnd
 .text.vListInsert
                0x08005a70       0x34 build/list.o
                0x08005a70                vListInsert
 .text.uxListRemove
                0x08005aa4       0x28 build/list.o
                0x08005aa4                uxListRemove
 .text.prvCopyDataToQueue
                0x08005acc       0x78 build/queue.o
 .text.xQueueGenericCreate
                0x08005b44       0x90 build/queue.o
                0x08005b44                xQueueGenericCreate
 .text.xQueueCreateCountingSemaphore
                0x08005bd4       0x88 build/queue.o
                0x08005bd4                xQueueCreateCountingSemaphore
 .text.xQueueGenericSend
                0x08005c5c      0x318 build/queue.o
                0x08005c5c                xQueueGenericSend
 .text.xQueueCreateMutex
                0x08005f74       0x6c build/queue.o
                0x08005f74                xQueueCreateMutex
 .text.xQueueGiveFromISR
                0x08005fe0       0xb0 build/queue.o
                0x08005fe0                xQueueGiveFromISR
 .text.xQueueReceive
                0x08006090      0x314 build/queue.o
                0x08006090                xQueueReceive
 .text.xQueueSemaphoreTake
                0x080063a4      0x330 build/queue.o
                0x080063a4                xQueueSemaphoreTake
 .text.xQueueReceiveFromISR
                0x080066d4       0xb8 build/queue.o
                0x080066d4                xQueueReceiveFromISR
 .text.vQueueDelete
                0x0800678c       0x84 build/queue.o
                0x0800678c                vQueueDelete
 .text.vQueueAddToRegistry
                0x08006810       0x54 build/queue.o
                0x08006810                vQueueAddToRegistry
 .text.vQueueWaitForMessageRestricted
                0x08006864       0xd0 build/queue.o
                0x08006864                vQueueWaitForMessageRestricted
 .text.prvSwitchTimerLists
                0x08006934       0x9c build/timers.o
 .text.prvTimerTask
                0x080069d0      0x298 build/timers.o
 .text.xTimerCreateTimerTask
                0x08006c68       0x98 build/timers.o
                0x08006c68                xTimerCreateTimerTask
 .text.prvPortStartFirstTask
                0x08006d00       0x28 build/port.o
 .text.vPortEnableVFP
                0x08006d28       0x14 build/port.o
 .text.prvTaskExitError
                0x08006d3c       0x40 build/port.o
 .text.pxPortInitialiseStack
                0x08006d7c       0x2c build/port.o
                0x08006d7c                pxPortInitialiseStack
 *fill*         0x08006da8        0x8 
 .text.SVC_Handler
                0x08006db0       0x24 build/port.o
                0x08006db0                SVC_Handler
 .text.vPortEnterCritical
                0x08006dd4       0x44 build/port.o
                0x08006dd4                vPortEnterCritical
 .text.vPortExitCritical
                0x08006e18       0x28 build/port.o
                0x08006e18                vPortExitCritical
 .text.PendSV_Handler
                0x08006e40       0x64 build/port.o
                0x08006e40                PendSV_Handler
 .text.SysTick_Handler
                0x08006ea4       0x2c build/port.o
                0x08006ea4                SysTick_Handler
 .text.vPortSetupTimerInterrupt
                0x08006ed0       0x3c build/port.o
                0x08006ed0                vPortSetupTimerInterrupt
 .text.xPortStartScheduler
                0x08006f0c      0x13c build/port.o
                0x08006f0c                xPortStartScheduler
 .text.vPortValidateInterruptPriority
                0x08007048       0x5c build/port.o
                0x08007048                vPortValidateInterruptPriority
 .text.pvPortMalloc
                0x080070a4       0xb8 build/heap_2.o
                0x080070a4                pvPortMalloc
 .text.vPortFree
                0x0800715c       0x40 build/heap_2.o
                0x0800715c                vPortFree
 .text.vApplicationIdleHook
                0x0800719c       0x18 build/cpu_utils.o
                0x0800719c                vApplicationIdleHook
 .text.vApplicationTickHook
                0x080071b4       0x4c build/cpu_utils.o
                0x080071b4                vApplicationTickHook
 .text.StartIdleMonitor
                0x08007200       0x24 build/cpu_utils.o
                0x08007200                StartIdleMonitor
 .text.EndIdleMonitor
                0x08007224       0x38 build/cpu_utils.o
                0x08007224                EndIdleMonitor
 .text.osGetCPUUsage
                0x0800725c        0xc build/cpu_utils.o
                0x0800725c                osGetCPUUsage
 .text.DMA2D_MixColors
                0x08007268       0xa8 build/LCDConf_stm32f429i_disco_MB1075.o
 .text.DMA2D_ConvertColor
                0x08007310       0x70 build/LCDConf_stm32f429i_disco_MB1075.o
 .text._LCD_GetpPalConvTable
                0x08007380       0x8c build/LCDConf_stm32f429i_disco_MB1075.o
 .text.DMA2D_MixColorsBulk
                0x0800740c       0x80 build/LCDConf_stm32f429i_disco_MB1075.o
 .text.DMA2D_AlphaBlending
                0x0800748c       0x4c build/LCDConf_stm32f429i_disco_MB1075.o
 .text.DMA2D_Index2ColorBulk
                0x080074d8       0x34 build/LCDConf_stm32f429i_disco_MB1075.o
 .text.DMA2D_Color2IndexBulk
                0x0800750c       0x34 build/LCDConf_stm32f429i_disco_MB1075.o
 .text.LCD_MixColorsBulk
                0x08007540       0x94 build/LCDConf_stm32f429i_disco_MB1075.o
 .text.DMA2D_DrawBitmapL8
                0x080075d4       0x70 build/LCDConf_stm32f429i_disco_MB1075.o
 .text.BSP_LCD_DrawBitmap16bpp
                0x08007644       0xd0 build/LCDConf_stm32f429i_disco_MB1075.o
 .text.BSP_LCD_DrawBitmap8bpp
                0x08007714       0xd0 build/LCDConf_stm32f429i_disco_MB1075.o
 .text.GetBufferSize
                0x080077e4       0x20 build/LCDConf_stm32f429i_disco_MB1075.o
 .text.DMA2D_LoadLUT
                0x08007804       0x20 build/LCDConf_stm32f429i_disco_MB1075.o
 .text.InvertAlpha_SwapRB
                0x08007824       0x2c build/LCDConf_stm32f429i_disco_MB1075.o
 .text.InvertAlpha
                0x08007850       0x84 build/LCDConf_stm32f429i_disco_MB1075.o
 .text.DMA2D_AlphaBlendingBulk
                0x080078d4       0x40 build/LCDConf_stm32f429i_disco_MB1075.o
 .text.LCD_LL_GetPixelformat
                0x08007914       0x7c build/LCDConf_stm32f429i_disco_MB1075.o
 .text.DMA2D_CopyBuffer
                0x08007990       0xb4 build/LCDConf_stm32f429i_disco_MB1075.o
 .text.CUSTOM_CopyBuffer
                0x08007a44      0x110 build/LCDConf_stm32f429i_disco_MB1075.o
 .text.CUSTOM_CopyRect
                0x08007b54      0x100 build/LCDConf_stm32f429i_disco_MB1075.o
 .text.CUSTOM_FillRect
                0x08007c54      0x128 build/LCDConf_stm32f429i_disco_MB1075.o
 .text.HAL_DMA2D_MspInit
                0x08007d7c       0x24 build/LCDConf_stm32f429i_disco_MB1075.o
                0x08007d7c                HAL_DMA2D_MspInit
 .text.HAL_LTDC_MspInit
                0x08007da0      0x148 build/LCDConf_stm32f429i_disco_MB1075.o
                0x08007da0                HAL_LTDC_MspInit
 .text.HAL_LTDC_MspDeInit
                0x08007ee8       0x18 build/LCDConf_stm32f429i_disco_MB1075.o
                0x08007ee8                HAL_LTDC_MspDeInit
 .text.HAL_LTDC_LineEventCallback
                0x08007f00       0x58 build/LCDConf_stm32f429i_disco_MB1075.o
                0x08007f00                HAL_LTDC_LineEventCallback
 .text.LCD_X_Config
                0x08007f58      0x260 build/LCDConf_stm32f429i_disco_MB1075.o
                0x08007f58                LCD_X_Config
 .text.LCD_X_DisplayDriver
                0x080081b8      0x25c build/LCDConf_stm32f429i_disco_MB1075.o
                0x080081b8                LCD_X_DisplayDriver
 .text.Index2ColorBulk_M8888IDMA2D
                0x08008414       0x10 build/LCDConf_stm32f429i_disco_MB1075.o
 .text.Index2ColorBulk_M4444IDMA2D
                0x08008424       0x10 build/LCDConf_stm32f429i_disco_MB1075.o
 .text.Index2ColorBulk_M565DMA2D
                0x08008434       0x10 build/LCDConf_stm32f429i_disco_MB1075.o
 .text.Index2ColorBulk_M1555IDMA2D
                0x08008444       0x10 build/LCDConf_stm32f429i_disco_MB1075.o
 .text.Index2ColorBulk_M888DMA2D
                0x08008454       0x10 build/LCDConf_stm32f429i_disco_MB1075.o
 .text.Color2IndexBulk_M8888IDMA2D
                0x08008464       0x10 build/LCDConf_stm32f429i_disco_MB1075.o
 .text.Color2IndexBulk_M4444IDMA2D
                0x08008474       0x10 build/LCDConf_stm32f429i_disco_MB1075.o
 .text.Color2IndexBulk_M565DMA2D
                0x08008484       0x10 build/LCDConf_stm32f429i_disco_MB1075.o
 .text.Color2IndexBulk_M1555IDMA2D
                0x08008494       0x10 build/LCDConf_stm32f429i_disco_MB1075.o
 .text.Color2IndexBulk_M888DMA2D
                0x080084a4       0x10 build/LCDConf_stm32f429i_disco_MB1075.o
 .text.GUI_X_Config
                0x080084b4       0x1c build/GUIConf.o
                0x080084b4                GUI_X_Config
 .text.GUI_X_Init
                0x080084d0        0x4 build/GUI_X_OS.o
                0x080084d0                GUI_X_Init
 .text.GUI_X_InitOS
                0x080084d4       0x2c build/GUI_X_OS.o
                0x080084d4                GUI_X_InitOS
 .text.GUI_X_Unlock
                0x08008500        0xc build/GUI_X_OS.o
                0x08008500                GUI_X_Unlock
 .text.GUI_X_Lock
                0x0800850c       0x10 build/GUI_X_OS.o
                0x0800850c                GUI_X_Lock
 .text.GUI_X_GetTaskId
                0x0800851c        0x4 build/GUI_X_OS.o
                0x0800851c                GUI_X_GetTaskId
 .text.USBH_CtlSendSetup
                0x08008520       0x20 build/usbh_ioreq.o
                0x08008520                USBH_CtlSendSetup
 .text.USBH_CtlSendData
                0x08008540       0x30 build/usbh_ioreq.o
                0x08008540                USBH_CtlSendData
 .text.USBH_CtlReceiveData
                0x08008570       0x20 build/usbh_ioreq.o
                0x08008570                USBH_CtlReceiveData
 .text.USBH_BulkSendData
                0x08008590       0x2c build/usbh_ioreq.o
                0x08008590                USBH_BulkSendData
 .text.USBH_BulkReceiveData
                0x080085bc       0x20 build/usbh_ioreq.o
                0x080085bc                USBH_BulkReceiveData
 .text.USBH_CtlReq.part.0
                0x080085dc      0x178 build/usbh_ctlreq.o
 .text.USBH_Get_DevDesc
                0x08008754       0x98 build/usbh_ctlreq.o
                0x08008754                USBH_Get_DevDesc
 .text.USBH_Get_CfgDesc
                0x080087ec      0x15c build/usbh_ctlreq.o
                0x080087ec                USBH_Get_CfgDesc
 .text.USBH_Get_StringDesc
                0x08008948       0x7c build/usbh_ctlreq.o
                0x08008948                USBH_Get_StringDesc
 .text.USBH_SetAddress
                0x080089c4       0x34 build/usbh_ctlreq.o
                0x080089c4                USBH_SetAddress
 .text.USBH_SetCfg
                0x080089f8       0x34 build/usbh_ctlreq.o
                0x080089f8                USBH_SetCfg
 .text.USBH_ClrFeature
                0x08008a2c       0x34 build/usbh_ctlreq.o
                0x08008a2c                USBH_ClrFeature
 .text.USBH_CtlReq
                0x08008a60      0x190 build/usbh_ctlreq.o
                0x08008a60                USBH_CtlReq
 .text.USBH_OpenPipe
                0x08008bf0       0x20 build/usbh_pipes.o
                0x08008bf0                USBH_OpenPipe
 .text.USBH_ClosePipe
                0x08008c10        0xc build/usbh_pipes.o
                0x08008c10                USBH_ClosePipe
 .text.USBH_AllocPipe
                0x08008c1c       0xa8 build/usbh_pipes.o
                0x08008c1c                USBH_AllocPipe
 .text.USBH_FreePipe
                0x08008cc4       0x18 build/usbh_pipes.o
                0x08008cc4                USBH_FreePipe
 .text.USBH_Init
                0x08008cdc       0x5c build/usbh_core.o
                0x08008cdc                USBH_Init
 .text.USBH_RegisterClass
                0x08008d38       0x1c build/usbh_core.o
                0x08008d38                USBH_RegisterClass
 .text.USBH_SelectInterface
                0x08008d54       0x14 build/usbh_core.o
                0x08008d54                USBH_SelectInterface
 .text.USBH_FindInterface
                0x08008d68       0x64 build/usbh_core.o
                0x08008d68                USBH_FindInterface
 .text.USBH_Start
                0x08008dcc       0x14 build/usbh_core.o
                0x08008dcc                USBH_Start
 .text.USBH_Process
                0x08008de0      0x284 build/usbh_core.o
                0x08008de0                USBH_Process
 .text.USBH_LL_SetTimer
                0x08009064        0x8 build/usbh_core.o
                0x08009064                USBH_LL_SetTimer
 .text.USBH_LL_IncTimer
                0x0800906c       0x20 build/usbh_core.o
                0x0800906c                USBH_LL_IncTimer
 .text.USBH_LL_Connect
                0x0800908c       0x28 build/usbh_core.o
                0x0800908c                USBH_LL_Connect
 .text.USBH_LL_Disconnect
                0x080090b4       0x38 build/usbh_core.o
                0x080090b4                USBH_LL_Disconnect
 .text.USBH_MSC_BOT_REQ_GetMaxLUN
                0x080090ec       0x18 build/usbh_msc_bot.o
                0x080090ec                USBH_MSC_BOT_REQ_GetMaxLUN
 .text.USBH_MSC_BOT_Init
                0x08009104       0x24 build/usbh_msc_bot.o
                0x08009104                USBH_MSC_BOT_Init
 .text.USBH_MSC_BOT_Process
                0x08009128      0x21c build/usbh_msc_bot.o
                0x08009128                USBH_MSC_BOT_Process
 .text.USBH_MSC_SOFProcess
                0x08009344        0x4 build/usbh_msc.o
 .text.USBH_MSC_Process
                0x08009348      0x208 build/usbh_msc.o
 .text.USBH_MSC_ClassRequest
                0x08009550       0x68 build/usbh_msc.o
 .text.USBH_MSC_InterfaceDeInit
                0x080095b8       0x58 build/usbh_msc.o
 .text.USBH_MSC_InterfaceInit
                0x08009610       0xf4 build/usbh_msc.o
 .text.USBH_MSC_UnitIsReady
                0x08009704       0x24 build/usbh_msc.o
                0x08009704                USBH_MSC_UnitIsReady
 .text.USBH_MSC_GetLUNInfo
                0x08009728       0x44 build/usbh_msc.o
                0x08009728                USBH_MSC_GetLUNInfo
 .text.USBH_MSC_Read
                0x0800976c      0x110 build/usbh_msc.o
                0x0800976c                USBH_MSC_Read
 .text.USBH_MSC_Write
                0x0800987c      0x110 build/usbh_msc.o
                0x0800987c                USBH_MSC_Write
 .text.USBH_MSC_SCSI_TestUnitReady
                0x0800998c       0x4c build/usbh_msc_scsi.o
                0x0800998c                USBH_MSC_SCSI_TestUnitReady
 .text.USBH_MSC_SCSI_ReadCapacity
                0x080099d8       0x70 build/usbh_msc_scsi.o
                0x080099d8                USBH_MSC_SCSI_ReadCapacity
 .text.USBH_MSC_SCSI_Inquiry
                0x08009a48       0xd0 build/usbh_msc_scsi.o
                0x08009a48                USBH_MSC_SCSI_Inquiry
 .text.USBH_MSC_SCSI_RequestSense
                0x08009b18       0x8c build/usbh_msc_scsi.o
                0x08009b18                USBH_MSC_SCSI_RequestSense
 .text.USBH_MSC_SCSI_Write
                0x08009ba4       0x80 build/usbh_msc_scsi.o
                0x08009ba4                USBH_MSC_SCSI_Write
 .text.USBH_MSC_SCSI_Read
                0x08009c24       0x84 build/usbh_msc_scsi.o
                0x08009c24                USBH_MSC_SCSI_Read
 .text.disk_status
                0x08009ca8       0x14 build/diskio.o
                0x08009ca8                disk_status
 .text.disk_initialize
                0x08009cbc       0x20 build/diskio.o
                0x08009cbc                disk_initialize
 .text.disk_read
                0x08009cdc       0x1c build/diskio.o
                0x08009cdc                disk_read
 .text.disk_write
                0x08009cf8       0x1c build/diskio.o
                0x08009cf8                disk_write
 .text.disk_ioctl
                0x08009d14       0x1c build/diskio.o
                0x08009d14                disk_ioctl
 .text.get_fattime
                0x08009d30        0x4 build/diskio.o
                0x08009d30                get_fattime
 .text.FATFS_LinkDriver
                0x08009d34       0x68 build/ff_gen_drv.o
                0x08009d34                FATFS_LinkDriver
 .text.ff_uni2oem
                0x08009d9c       0x48 build/ffunicode.o
                0x08009d9c                ff_uni2oem
 .text.ff_oem2uni
                0x08009de4       0x28 build/ffunicode.o
                0x08009de4                ff_oem2uni
 .text.ff_wtoupper
                0x08009e0c       0xa4 build/ffunicode.o
                0x08009e0c                ff_wtoupper
 .text.dir_clear
                0x08009eb0      0x108 build/ff.o
 .text.move_window.part.9
                0x08009fb8       0x60 build/ff.o
 .text.put_fat.part.11
                0x0800a018      0x13c build/ff.o
 .text.get_fat.isra.12
                0x0800a154       0xdc build/ff.o
 .text.create_chain
                0x0800a230      0x120 build/ff.o
 .text.remove_chain
                0x0800a350       0x88 build/ff.o
 .text.dir_next.constprop.17
                0x0800a3d8       0x84 build/ff.o
 .text.sync_fs  0x0800a45c       0xd8 build/ff.o
 .text.check_fs
                0x0800a534       0xa4 build/ff.o
 .text.find_volume
                0x0800a5d8      0x414 build/ff.o
 .text.dir_sdi  0x0800a9ec      0x190 build/ff.o
 .text.dir_find
                0x0800ab7c      0x348 build/ff.o
 .text.follow_path
                0x0800aec4      0x34c build/ff.o
 .text.dir_register
                0x0800b210      0xa30 build/ff.o
 .text.f_mount  0x0800bc40       0xbc build/ff.o
                0x0800bc40                f_mount
 .text.f_open   0x0800bcfc      0x534 build/ff.o
                0x0800bcfc                f_open
 .text.f_read   0x0800c230      0x310 build/ff.o
                0x0800c230                f_read
 .text.f_sync   0x0800c540      0x118 build/ff.o
                0x0800c540                f_sync
 .text.f_close  0x0800c658       0x98 build/ff.o
                0x0800c658                f_close
 .text.ff_cre_syncobj
                0x0800c6f0       0x20 build/syscall.o
                0x0800c6f0                ff_cre_syncobj
 .text.ff_del_syncobj
                0x0800c710        0xc build/syscall.o
                0x0800c710                ff_del_syncobj
 .text.ff_req_grant
                0x0800c71c       0x14 build/syscall.o
                0x0800c71c                ff_req_grant
 .text.ff_rel_grant
                0x0800c730        0x4 build/syscall.o
                0x0800c730                ff_rel_grant
 .text.ff_memalloc
                0x0800c734        0x4 build/syscall.o
                0x0800c734                ff_memalloc
 .text.ff_memfree
                0x0800c738        0x4 build/syscall.o
                0x0800c738                ff_memfree
 .text.NMI_Handler
                0x0800c73c        0x4 build/stm32f4xx_it.o
                0x0800c73c                NMI_Handler
 .text.HardFault_Handler
                0x0800c740       0x10 build/stm32f4xx_it.o
                0x0800c740                HardFault_Handler
 .text.MemManage_Handler
                0x0800c750        0x4 build/stm32f4xx_it.o
                0x0800c750                MemManage_Handler
 .text.BusFault_Handler
                0x0800c754        0x4 build/stm32f4xx_it.o
                0x0800c754                BusFault_Handler
 .text.UsageFault_Handler
                0x0800c758        0x4 build/stm32f4xx_it.o
                0x0800c758                UsageFault_Handler
 .text.DebugMon_Handler
                0x0800c75c        0x4 build/stm32f4xx_it.o
                0x0800c75c                DebugMon_Handler
 .text.HAL_Delay
                0x0800c760        0xc build/stm32f4xx_it.o
                0x0800c760                HAL_Delay
 .text.LTDC_IRQHandler
                0x0800c76c        0xc build/stm32f4xx_it.o
                0x0800c76c                LTDC_IRQHandler
 .text.OTG_HS_IRQHandler
                0x0800c778        0xc build/stm32f4xx_it.o
                0x0800c778                OTG_HS_IRQHandler
 .text.Main_Task
                0x0800c784       0xac build/main.o
 .text.USBH_UserProcess
                0x0800c830       0x3c build/main.o
 .text.Bk_Task  0x0800c86c       0xb4 build/main.o
 .text.startup.main
                0x0800c920       0xf8 build/main.o
                0x0800c920                main
 .text.HAL_HCD_MspInit
                0x0800ca18       0xcc build/usbh_conf.o
                0x0800ca18                HAL_HCD_MspInit
 .text.HAL_HCD_SOF_Callback
                0x0800cae4        0x8 build/usbh_conf.o
                0x0800cae4                HAL_HCD_SOF_Callback
 .text.HAL_HCD_Connect_Callback
                0x0800caec        0x8 build/usbh_conf.o
                0x0800caec                HAL_HCD_Connect_Callback
 .text.HAL_HCD_Disconnect_Callback
                0x0800caf4        0x8 build/usbh_conf.o
                0x0800caf4                HAL_HCD_Disconnect_Callback
 .text.HAL_HCD_HC_NotifyURBChange_Callback
                0x0800cafc        0x4 build/usbh_conf.o
                0x0800cafc                HAL_HCD_HC_NotifyURBChange_Callback
 .text.USBH_LL_Init
                0x0800cb00       0x50 build/usbh_conf.o
                0x0800cb00                USBH_LL_Init
 .text.USBH_LL_Start
                0x0800cb50       0x10 build/usbh_conf.o
                0x0800cb50                USBH_LL_Start
 .text.USBH_LL_Stop
                0x0800cb60       0x10 build/usbh_conf.o
                0x0800cb60                USBH_LL_Stop
 .text.USBH_LL_GetSpeed
                0x0800cb70       0x18 build/usbh_conf.o
                0x0800cb70                USBH_LL_GetSpeed
 .text.USBH_LL_ResetPort
                0x0800cb88       0x10 build/usbh_conf.o
                0x0800cb88                USBH_LL_ResetPort
 .text.USBH_LL_GetLastXferSize
                0x0800cb98        0x8 build/usbh_conf.o
                0x0800cb98                USBH_LL_GetLastXferSize
 .text.USBH_LL_OpenPipe
                0x0800cba0       0x24 build/usbh_conf.o
                0x0800cba0                USBH_LL_OpenPipe
 .text.USBH_LL_ClosePipe
                0x0800cbc4       0x10 build/usbh_conf.o
                0x0800cbc4                USBH_LL_ClosePipe
 .text.USBH_LL_SubmitURB
                0x0800cbd4       0x28 build/usbh_conf.o
                0x0800cbd4                USBH_LL_SubmitURB
 .text.USBH_LL_GetURBState
                0x0800cbfc        0x8 build/usbh_conf.o
                0x0800cbfc                USBH_LL_GetURBState
 .text.USBH_LL_DriverVBUS
                0x0800cc04       0x30 build/usbh_conf.o
                0x0800cc04                USBH_LL_DriverVBUS
 .text.USBH_LL_SetToggle
                0x0800cc34       0x24 build/usbh_conf.o
                0x0800cc34                USBH_LL_SetToggle
 .text.USBH_LL_GetToggle
                0x0800cc58       0x20 build/usbh_conf.o
                0x0800cc58                USBH_LL_GetToggle
 .text.USBH_Delay
                0x0800cc78        0x4 build/usbh_conf.o
                0x0800cc78                USBH_Delay
 .text.USBH_initialize
                0x0800cc7c        0x4 build/usbh_diskio_dma.o
                0x0800cc7c                USBH_initialize
 .text.USBH_status
                0x0800cc80       0x18 build/usbh_diskio_dma.o
                0x0800cc80                USBH_status
 .text.USBH_read
                0x0800cc98       0xb4 build/usbh_diskio_dma.o
                0x0800cc98                USBH_read
 .text.USBH_ioctl
                0x0800cd4c       0x50 build/usbh_diskio_dma.o
                0x0800cd4c                USBH_ioctl
 .text.USBH_write
                0x0800cd9c       0xc0 build/usbh_diskio_dma.o
                0x0800cd9c                USBH_write
 .text.Reset_Handler
                0x0800ce5c       0x50 build/startup_stm32f429xx.o
                0x0800ce5c                Reset_Handler
 .text.Default_Handler
                0x0800ceac        0x2 build/startup_stm32f429xx.o
                0x0800ceac                RTC_Alarm_IRQHandler
                0x0800ceac                HASH_RNG_IRQHandler
                0x0800ceac                EXTI2_IRQHandler
                0x0800ceac                TIM8_CC_IRQHandler
                0x0800ceac                UART8_IRQHandler
                0x0800ceac                SPI4_IRQHandler
                0x0800ceac                TIM1_CC_IRQHandler
                0x0800ceac                DMA2_Stream5_IRQHandler
                0x0800ceac                DMA1_Stream5_IRQHandler
                0x0800ceac                PVD_IRQHandler
                0x0800ceac                SDIO_IRQHandler
                0x0800ceac                TAMP_STAMP_IRQHandler
                0x0800ceac                CAN2_RX1_IRQHandler
                0x0800ceac                EXTI3_IRQHandler
                0x0800ceac                TIM8_TRG_COM_TIM14_IRQHandler
                0x0800ceac                TIM1_UP_TIM10_IRQHandler
                0x0800ceac                TIM8_UP_TIM13_IRQHandler
                0x0800ceac                I2C3_ER_IRQHandler
                0x0800ceac                EXTI0_IRQHandler
                0x0800ceac                I2C2_EV_IRQHandler
                0x0800ceac                DMA1_Stream2_IRQHandler
                0x0800ceac                CAN1_RX0_IRQHandler
                0x0800ceac                FPU_IRQHandler
                0x0800ceac                OTG_HS_WKUP_IRQHandler
                0x0800ceac                LTDC_ER_IRQHandler
                0x0800ceac                CAN2_SCE_IRQHandler
                0x0800ceac                DMA2_Stream2_IRQHandler
                0x0800ceac                SPI1_IRQHandler
                0x0800ceac                TIM6_DAC_IRQHandler
                0x0800ceac                TIM1_BRK_TIM9_IRQHandler
                0x0800ceac                DCMI_IRQHandler
                0x0800ceac                CAN2_RX0_IRQHandler
                0x0800ceac                DMA2_Stream3_IRQHandler
                0x0800ceac                USART6_IRQHandler
                0x0800ceac                USART3_IRQHandler
                0x0800ceac                CAN1_RX1_IRQHandler
                0x0800ceac                UART5_IRQHandler
                0x0800ceac                DMA2_Stream0_IRQHandler
                0x0800ceac                TIM4_IRQHandler
                0x0800ceac                I2C1_EV_IRQHandler
                0x0800ceac                DMA1_Stream6_IRQHandler
                0x0800ceac                DMA1_Stream1_IRQHandler
                0x0800ceac                UART4_IRQHandler
                0x0800ceac                TIM3_IRQHandler
                0x0800ceac                RCC_IRQHandler
                0x0800ceac                TIM8_BRK_TIM12_IRQHandler
                0x0800ceac                Default_Handler
                0x0800ceac                EXTI15_10_IRQHandler
                0x0800ceac                ADC_IRQHandler
                0x0800ceac                DMA1_Stream7_IRQHandler
                0x0800ceac                SPI5_IRQHandler
                0x0800ceac                TIM7_IRQHandler
                0x0800ceac                CAN2_TX_IRQHandler
                0x0800ceac                TIM5_IRQHandler
                0x0800ceac                DMA2_Stream7_IRQHandler
                0x0800ceac                I2C3_EV_IRQHandler
                0x0800ceac                EXTI9_5_IRQHandler
                0x0800ceac                RTC_WKUP_IRQHandler
                0x0800ceac                ETH_WKUP_IRQHandler
                0x0800ceac                SPI2_IRQHandler
                0x0800ceac                OTG_HS_EP1_IN_IRQHandler
                0x0800ceac                DMA1_Stream0_IRQHandler
                0x0800ceac                CAN1_TX_IRQHandler
                0x0800ceac                EXTI4_IRQHandler
                0x0800ceac                ETH_IRQHandler
                0x0800ceac                OTG_HS_EP1_OUT_IRQHandler
                0x0800ceac                WWDG_IRQHandler
                0x0800ceac                SPI6_IRQHandler
                0x0800ceac                TIM2_IRQHandler
                0x0800ceac                OTG_FS_WKUP_IRQHandler
                0x0800ceac                TIM1_TRG_COM_TIM11_IRQHandler
                0x0800ceac                DMA2D_IRQHandler
                0x0800ceac                EXTI1_IRQHandler
                0x0800ceac                UART7_IRQHandler
                0x0800ceac                USART2_IRQHandler
                0x0800ceac                I2C2_ER_IRQHandler
                0x0800ceac                DMA2_Stream1_IRQHandler
                0x0800ceac                CAN1_SCE_IRQHandler
                0x0800ceac                FLASH_IRQHandler
                0x0800ceac                DMA2_Stream4_IRQHandler
                0x0800ceac                USART1_IRQHandler
                0x0800ceac                OTG_FS_IRQHandler
                0x0800ceac                SPI3_IRQHandler
                0x0800ceac                DMA1_Stream4_IRQHandler
                0x0800ceac                I2C1_ER_IRQHandler
                0x0800ceac                FMC_IRQHandler
                0x0800ceac                DMA2_Stream6_IRQHandler
                0x0800ceac                SAI1_IRQHandler
                0x0800ceac                DMA1_Stream3_IRQHandler
 *fill*         0x0800ceae        0x2 
 .text.calloc   0x0800ceb0       0x10 d:/programs/gnu tools arm embedded/8 2018-q4-major/bin/../lib/gcc/arm-none-eabi/8.2.1/../../../../arm-none-eabi/lib/thumb/v7e-m+fp/hard\libc_nano.a(lib_a-calloc.o)
                0x0800ceb0                calloc
 .text.__libc_init_array
                0x0800cec0       0x48 d:/programs/gnu tools arm embedded/8 2018-q4-major/bin/../lib/gcc/arm-none-eabi/8.2.1/../../../../arm-none-eabi/lib/thumb/v7e-m+fp/hard\libc_nano.a(lib_a-init.o)
                0x0800cec0                __libc_init_array
 .text.malloc   0x0800cf08       0x10 d:/programs/gnu tools arm embedded/8 2018-q4-major/bin/../lib/gcc/arm-none-eabi/8.2.1/../../../../arm-none-eabi/lib/thumb/v7e-m+fp/hard\libc_nano.a(lib_a-malloc.o)
                0x0800cf08                malloc
 .text.free     0x0800cf18       0x10 d:/programs/gnu tools arm embedded/8 2018-q4-major/bin/../lib/gcc/arm-none-eabi/8.2.1/../../../../arm-none-eabi/lib/thumb/v7e-m+fp/hard\libc_nano.a(lib_a-malloc.o)
                0x0800cf18                free
 .text.memcpy   0x0800cf28       0x1c d:/programs/gnu tools arm embedded/8 2018-q4-major/bin/../lib/gcc/arm-none-eabi/8.2.1/../../../../arm-none-eabi/lib/thumb/v7e-m+fp/hard\libc_nano.a(lib_a-memcpy-stub.o)
                0x0800cf28                memcpy
 .text.memset   0x0800cf44       0x10 d:/programs/gnu tools arm embedded/8 2018-q4-major/bin/../lib/gcc/arm-none-eabi/8.2.1/../../../../arm-none-eabi/lib/thumb/v7e-m+fp/hard\libc_nano.a(lib_a-memset.o)
                0x0800cf44                memset
 .text._calloc_r
                0x0800cf54       0x1c d:/programs/gnu tools arm embedded/8 2018-q4-major/bin/../lib/gcc/arm-none-eabi/8.2.1/../../../../arm-none-eabi/lib/thumb/v7e-m+fp/hard\libc_nano.a(lib_a-nano-callocr.o)
                0x0800cf54                _calloc_r
 .text._free_r  0x0800cf70       0x9c d:/programs/gnu tools arm embedded/8 2018-q4-major/bin/../lib/gcc/arm-none-eabi/8.2.1/../../../../arm-none-eabi/lib/thumb/v7e-m+fp/hard\libc_nano.a(lib_a-nano-freer.o)
                0x0800cf70                _free_r
 .text._malloc_r
                0x0800d00c       0xb4 d:/programs/gnu tools arm embedded/8 2018-q4-major/bin/../lib/gcc/arm-none-eabi/8.2.1/../../../../arm-none-eabi/lib/thumb/v7e-m+fp/hard\libc_nano.a(lib_a-nano-mallocr.o)
                0x0800d00c                _malloc_r
 .text._sbrk_r  0x0800d0c0       0x20 d:/programs/gnu tools arm embedded/8 2018-q4-major/bin/../lib/gcc/arm-none-eabi/8.2.1/../../../../arm-none-eabi/lib/thumb/v7e-m+fp/hard\libc_nano.a(lib_a-sbrkr.o)
                0x0800d0c0                _sbrk_r
 .text.sprintf  0x0800d0e0       0x40 d:/programs/gnu tools arm embedded/8 2018-q4-major/bin/../lib/gcc/arm-none-eabi/8.2.1/../../../../arm-none-eabi/lib/thumb/v7e-m+fp/hard\libc_nano.a(lib_a-sprintf.o)
                0x0800d0e0                siprintf
                0x0800d0e0                sprintf
 .text.__malloc_lock
                0x0800d120        0xc d:/programs/gnu tools arm embedded/8 2018-q4-major/bin/../lib/gcc/arm-none-eabi/8.2.1/../../../../arm-none-eabi/lib/thumb/v7e-m+fp/hard\libc_nano.a(lib_a-mlock.o)
                0x0800d120                __malloc_lock
 .text.__malloc_unlock
                0x0800d12c        0xc d:/programs/gnu tools arm embedded/8 2018-q4-major/bin/../lib/gcc/arm-none-eabi/8.2.1/../../../../arm-none-eabi/lib/thumb/v7e-m+fp/hard\libc_nano.a(lib_a-mlock.o)
                0x0800d12c                __malloc_unlock
 .text.__ssputs_r
                0x0800d138       0xb6 d:/programs/gnu tools arm embedded/8 2018-q4-major/bin/../lib/gcc/arm-none-eabi/8.2.1/../../../../arm-none-eabi/lib/thumb/v7e-m+fp/hard\libc_nano.a(lib_a-nano-svfprintf.o)
                0x0800d138                __ssputs_r
 *fill*         0x0800d1ee        0x2 
 .text._svfprintf_r
                0x0800d1f0      0x1f0 d:/programs/gnu tools arm embedded/8 2018-q4-major/bin/../lib/gcc/arm-none-eabi/8.2.1/../../../../arm-none-eabi/lib/thumb/v7e-m+fp/hard\libc_nano.a(lib_a-nano-svfprintf.o)
                0x0800d1f0                _svfiprintf_r
                0x0800d1f0                _svfprintf_r
 .text._printf_common
                0x0800d3e0       0xea d:/programs/gnu tools arm embedded/8 2018-q4-major/bin/../lib/gcc/arm-none-eabi/8.2.1/../../../../arm-none-eabi/lib/thumb/v7e-m+fp/hard\libc_nano.a(lib_a-nano-vfprintf_i.o)
                0x0800d3e0                _printf_common
 *fill*         0x0800d4ca        0x2 
 .text._printf_i
                0x0800d4cc      0x228 d:/programs/gnu tools arm embedded/8 2018-q4-major/bin/../lib/gcc/arm-none-eabi/8.2.1/../../../../arm-none-eabi/lib/thumb/v7e-m+fp/hard\libc_nano.a(lib_a-nano-vfprintf_i.o)
                0x0800d4cc                _printf_i
 .text.__retarget_lock_acquire_recursive
                0x0800d6f4        0x2 d:/programs/gnu tools arm embedded/8 2018-q4-major/bin/../lib/gcc/arm-none-eabi/8.2.1/../../../../arm-none-eabi/lib/thumb/v7e-m+fp/hard\libc_nano.a(lib_a-lock.o)
                0x0800d6f4                __retarget_lock_acquire_recursive
 .text.__retarget_lock_release_recursive
                0x0800d6f6        0x2 d:/programs/gnu tools arm embedded/8 2018-q4-major/bin/../lib/gcc/arm-none-eabi/8.2.1/../../../../arm-none-eabi/lib/thumb/v7e-m+fp/hard\libc_nano.a(lib_a-lock.o)
                0x0800d6f6                __retarget_lock_release_recursive
 .text.memmove  0x0800d6f8       0x34 d:/programs/gnu tools arm embedded/8 2018-q4-major/bin/../lib/gcc/arm-none-eabi/8.2.1/../../../../arm-none-eabi/lib/thumb/v7e-m+fp/hard\libc_nano.a(lib_a-memmove.o)
                0x0800d6f8                memmove
 .text._realloc_r
                0x0800d72c       0x4c d:/programs/gnu tools arm embedded/8 2018-q4-major/bin/../lib/gcc/arm-none-eabi/8.2.1/../../../../arm-none-eabi/lib/thumb/v7e-m+fp/hard\libc_nano.a(lib_a-nano-reallocr.o)
                0x0800d72c                _realloc_r
 .text._malloc_usable_size_r
                0x0800d778       0x10 d:/programs/gnu tools arm embedded/8 2018-q4-major/bin/../lib/gcc/arm-none-eabi/8.2.1/../../../../arm-none-eabi/lib/thumb/v7e-m+fp/hard\libc_nano.a(lib_a-nano-msizer.o)
                0x0800d778                _malloc_usable_size_r
 .text._sbrk    0x0800d788       0x1c d:/programs/gnu tools arm embedded/8 2018-q4-major/bin/../lib/gcc/arm-none-eabi/8.2.1/../../../../arm-none-eabi/lib/thumb/v7e-m+fp/hard\libnosys.a(sbrk.o)
                0x0800d788                _sbrk
 .text._Color2Index_1616I
                0x0800d7a4       0x28 ../Middlewares/STemWin/Lib/STemWin_CM4_OS_wc32.a(GUICC_1616I.o)
 .text._Index2Color_1616I
                0x0800d7cc       0x24 ../Middlewares/STemWin/Lib/STemWin_CM4_OS_wc32.a(GUICC_1616I.o)
 .text._GetIndexMask_1616I
                0x0800d7f0        0x4 ../Middlewares/STemWin/Lib/STemWin_CM4_OS_wc32.a(GUICC_1616I.o)
 .text._Color2IndexBulk_1616I
                0x0800d7f4       0x44 ../Middlewares/STemWin/Lib/STemWin_CM4_OS_wc32.a(GUICC_1616I.o)
 .text._Index2ColorBulk_1616I
                0x0800d838       0x50 ../Middlewares/STemWin/Lib/STemWin_CM4_OS_wc32.a(GUICC_1616I.o)
 .text.LCD_Color2Index_8666
                0x0800d888       0x58 ../Middlewares/STemWin/Lib/STemWin_CM4_OS_wc32.a(GUICC_8666.o)
                0x0800d888                LCD_Color2Index_8666
 .text._GetIndexMask_8666
                0x0800d8e0        0x4 ../Middlewares/STemWin/Lib/STemWin_CM4_OS_wc32.a(GUICC_8666.o)
 .text.LCD_Index2Color_8666
                0x0800d8e4       0x54 ../Middlewares/STemWin/Lib/STemWin_CM4_OS_wc32.a(GUICC_8666.o)
                0x0800d8e4                LCD_Index2Color_8666
 .text._Color2Index_88666I
                0x0800d938       0x20 ../Middlewares/STemWin/Lib/STemWin_CM4_OS_wc32.a(GUICC_88666I.o)
 .text._Index2Color_88666I
                0x0800d958       0x1c ../Middlewares/STemWin/Lib/STemWin_CM4_OS_wc32.a(GUICC_88666I.o)
 .text._GetIndexMask_88666I
                0x0800d974        0x6 ../Middlewares/STemWin/Lib/STemWin_CM4_OS_wc32.a(GUICC_88666I.o)
 *fill*         0x0800d97a        0x2 
 .text._Color2IndexBulk_88666I
                0x0800d97c       0x34 ../Middlewares/STemWin/Lib/STemWin_CM4_OS_wc32.a(GUICC_88666I.o)
 .text._Index2ColorBulk_88666I
                0x0800d9b0       0x44 ../Middlewares/STemWin/Lib/STemWin_CM4_OS_wc32.a(GUICC_88666I.o)
 .text._Color2Index_M1555I
                0x0800d9f4       0x2c ../Middlewares/STemWin/Lib/STemWin_CM4_OS_wc32.a(GUICC_M1555I.o)
 .text._Index2Color_M1555I
                0x0800da20       0x34 ../Middlewares/STemWin/Lib/STemWin_CM4_OS_wc32.a(GUICC_M1555I.o)
 .text._GetIndexMask_M1555I
                0x0800da54        0x6 ../Middlewares/STemWin/Lib/STemWin_CM4_OS_wc32.a(GUICC_M1555I.o)
 *fill*         0x0800da5a        0x2 
 .text._Color2IndexBulk_M1555I
                0x0800da5c       0x58 ../Middlewares/STemWin/Lib/STemWin_CM4_OS_wc32.a(GUICC_M1555I.o)
 .text._Index2ColorBulk_M1555I
                0x0800dab4       0x6c ../Middlewares/STemWin/Lib/STemWin_CM4_OS_wc32.a(GUICC_M1555I.o)
 .text.GUICC_M1555I_SetCustColorConv
                0x0800db20        0xc ../Middlewares/STemWin/Lib/STemWin_CM4_OS_wc32.a(GUICC_M1555I.o)
                0x0800db20                GUICC_M1555I_SetCustColorConv
 .text._Color2Index_M4444I
                0x0800db2c       0x3a ../Middlewares/STemWin/Lib/STemWin_CM4_OS_wc32.a(GUICC_M4444I.o)
 *fill*         0x0800db66        0x2 
 .text._Index2Color_M4444I
                0x0800db68       0x30 ../Middlewares/STemWin/Lib/STemWin_CM4_OS_wc32.a(GUICC_M4444I.o)
 .text._GetIndexMask_M4444I
                0x0800db98        0x6 ../Middlewares/STemWin/Lib/STemWin_CM4_OS_wc32.a(GUICC_M4444I.o)
 *fill*         0x0800db9e        0x2 
 .text._Color2IndexBulk_M4444I
                0x0800dba0       0x6c ../Middlewares/STemWin/Lib/STemWin_CM4_OS_wc32.a(GUICC_M4444I.o)
 .text._Index2ColorBulk_M4444I
                0x0800dc0c       0x68 ../Middlewares/STemWin/Lib/STemWin_CM4_OS_wc32.a(GUICC_M4444I.o)
 .text.GUICC_M4444I_SetCustColorConv
                0x0800dc74        0xc ../Middlewares/STemWin/Lib/STemWin_CM4_OS_wc32.a(GUICC_M4444I.o)
                0x0800dc74                GUICC_M4444I_SetCustColorConv
 .text._Color2Index_M8888I
                0x0800dc80       0x1c ../Middlewares/STemWin/Lib/STemWin_CM4_OS_wc32.a(GUICC_M8888I.o)
 .text._GetIndexMask_M8888I
                0x0800dc9c        0x6 ../Middlewares/STemWin/Lib/STemWin_CM4_OS_wc32.a(GUICC_M8888I.o)
 *fill*         0x0800dca2        0x2 
 .text._Color2IndexBulk_M8888I
                0x0800dca4       0x4c ../Middlewares/STemWin/Lib/STemWin_CM4_OS_wc32.a(GUICC_M8888I.o)
 .text._Index2ColorBulk_M8888I
                0x0800dcf0       0x4c ../Middlewares/STemWin/Lib/STemWin_CM4_OS_wc32.a(GUICC_M8888I.o)
 .text.GUICC_M8888I_SetCustColorConv
                0x0800dd3c        0xc ../Middlewares/STemWin/Lib/STemWin_CM4_OS_wc32.a(GUICC_M8888I.o)
                0x0800dd3c                GUICC_M8888I_SetCustColorConv
 .text.LCD_Index2Color_M565
                0x0800dd48       0x28 ../Middlewares/STemWin/Lib/STemWin_CM4_OS_wc32.a(GUICC_M565.o)
                0x0800dd48                LCD_Index2Color_M565
 .text._Color2Index_M565
                0x0800dd70       0x28 ../Middlewares/STemWin/Lib/STemWin_CM4_OS_wc32.a(GUICC_M565.o)
 .text._GetIndexMask_M565
                0x0800dd98        0x6 ../Middlewares/STemWin/Lib/STemWin_CM4_OS_wc32.a(GUICC_M565.o)
 *fill*         0x0800dd9e        0x2 
 .text._Color2IndexBulk
                0x0800dda0       0x5c ../Middlewares/STemWin/Lib/STemWin_CM4_OS_wc32.a(GUICC_M565.o)
 .text._Index2ColorBulk
                0x0800ddfc       0x64 ../Middlewares/STemWin/Lib/STemWin_CM4_OS_wc32.a(GUICC_M565.o)
 .text.GUICC_M565_SetCustColorConv
                0x0800de60        0xc ../Middlewares/STemWin/Lib/STemWin_CM4_OS_wc32.a(GUICC_M565.o)
                0x0800de60                GUICC_M565_SetCustColorConv
 .text._Color2Index_M888
                0x0800de6c       0x14 ../Middlewares/STemWin/Lib/STemWin_CM4_OS_wc32.a(GUICC_M888.o)
 .text._GetIndexMask_M888
                0x0800de80        0x6 ../Middlewares/STemWin/Lib/STemWin_CM4_OS_wc32.a(GUICC_M888.o)
 *fill*         0x0800de86        0x2 
 .text._Color2IndexBulk
                0x0800de88       0x44 ../Middlewares/STemWin/Lib/STemWin_CM4_OS_wc32.a(GUICC_M888.o)
 .text._Index2ColorBulk
                0x0800decc       0x44 ../Middlewares/STemWin/Lib/STemWin_CM4_OS_wc32.a(GUICC_M888.o)
 .text.GUICC_M888_SetCustColorConv
                0x0800df10        0xc ../Middlewares/STemWin/Lib/STemWin_CM4_OS_wc32.a(GUICC_M888.o)
                0x0800df10                GUICC_M888_SetCustColorConv
 .text.LCD_Index2Color_M8888I
                0x0800df1c       0x1c ../Middlewares/STemWin/Lib/STemWin_CM4_OS_wc32.a(GUICC_M8888I_Index2Color.o)
                0x0800df1c                LCD_Index2Color_M8888I
 .text.LCD_Index2Color_M888
                0x0800df38       0x14 ../Middlewares/STemWin/Lib/STemWin_CM4_OS_wc32.a(GUICC_M888_Index2Color.o)
                0x0800df38                LCD_Index2Color_M888
 .text._PushFreeBlock
                0x0800df4c       0x24 ../Middlewares/STemWin/Lib/STemWin_CM4_OS_wc32.a(GUI_Alloc.o)
 .text._RemoveFreeBlock
                0x0800df70       0x40 ../Middlewares/STemWin/Lib/STemWin_CM4_OS_wc32.a(GUI_Alloc.o)
 .text._AddFreeMemory
                0x0800dfb0       0xa4 ../Middlewares/STemWin/Lib/STemWin_CM4_OS_wc32.a(GUI_Alloc.o)
 .text._RemoveHoles
                0x0800e054       0x9c ../Middlewares/STemWin/Lib/STemWin_CM4_OS_wc32.a(GUI_Alloc.o)
 .text.GUI_ALLOC_FreeFixedBlock
                0x0800e0f0       0x14 ../Middlewares/STemWin/Lib/STemWin_CM4_OS_wc32.a(GUI_Alloc.o)
                0x0800e0f0                GUI_ALLOC_FreeFixedBlock
 .text.GUI_ALLOC_h2p
                0x0800e104       0x14 ../Middlewares/STemWin/Lib/STemWin_CM4_OS_wc32.a(GUI_Alloc.o)
                0x0800e104                GUI_ALLOC_h2p
 .text.GUI_ALLOC_LockH
                0x0800e118       0x1c ../Middlewares/STemWin/Lib/STemWin_CM4_OS_wc32.a(GUI_Alloc.o)
                0x0800e118                GUI_ALLOC_LockH
 .text.GUI_ALLOC_UnlockH
                0x0800e134       0x30 ../Middlewares/STemWin/Lib/STemWin_CM4_OS_wc32.a(GUI_Alloc.o)
                0x0800e134                GUI_ALLOC_UnlockH
 .text.GUI_ALLOC_AssignMemory
                0x0800e164       0x10 ../Middlewares/STemWin/Lib/STemWin_CM4_OS_wc32.a(GUI_Alloc.o)
                0x0800e164                GUI_ALLOC_AssignMemory
 .text.GUI_ALLOC_Free
                0x0800e174       0x30 ../Middlewares/STemWin/Lib/STemWin_CM4_OS_wc32.a(GUI_Alloc.o)
                0x0800e174                GUI_ALLOC_Free
 .text._EnlargeBlocks
                0x0800e1a4       0x9c ../Middlewares/STemWin/Lib/STemWin_CM4_OS_wc32.a(GUI_Alloc.o)
 .text._InitOnce
                0x0800e240       0x68 ../Middlewares/STemWin/Lib/STemWin_CM4_OS_wc32.a(GUI_Alloc.o)
 .text.GUI_ALLOC_GetFixedBlock
                0x0800e2a8       0xa4 ../Middlewares/STemWin/Lib/STemWin_CM4_OS_wc32.a(GUI_Alloc.o)
                0x0800e2a8                GUI_ALLOC_GetFixedBlock
 .text.GUI_ALLOC_GetMaxSize
                0x0800e34c       0x3c ../Middlewares/STemWin/Lib/STemWin_CM4_OS_wc32.a(GUI_Alloc.o)
                0x0800e34c                GUI_ALLOC_GetMaxSize
 .text.GUI_ALLOC_RequestSize
                0x0800e388       0x38 ../Middlewares/STemWin/Lib/STemWin_CM4_OS_wc32.a(GUI_Alloc.o)
                0x0800e388                GUI_ALLOC_RequestSize
 .text._Alloc   0x0800e3c0       0xf0 ../Middlewares/STemWin/Lib/STemWin_CM4_OS_wc32.a(GUI_Alloc.o)
 .text.GUI_ALLOC_AllocNoInit
                0x0800e4b0       0x1a ../Middlewares/STemWin/Lib/STemWin_CM4_OS_wc32.a(GUI_Alloc.o)
                0x0800e4b0                GUI_ALLOC_AllocNoInit
 *fill*         0x0800e4ca        0x2 
 .text.GUI_ALLOC_AllocZero
                0x0800e4cc       0x3c ../Middlewares/STemWin/Lib/STemWin_CM4_OS_wc32.a(GUI_Alloc.o)
                0x0800e4cc                GUI_ALLOC_AllocZero
 .text.GUI_CalcColorDist
                0x0800e508       0x4a ../Middlewares/STemWin/Lib/STemWin_CM4_OS_wc32.a(GUI_Common.o)
                0x0800e508                GUI_CalcColorDist
 .text.GUI_GetBkColor
                0x0800e552       0x18 ../Middlewares/STemWin/Lib/STemWin_CM4_OS_wc32.a(GUI_Common.o)
                0x0800e552                GUI_GetBkColor
 .text.GUI_GetColor
                0x0800e56a       0x18 ../Middlewares/STemWin/Lib/STemWin_CM4_OS_wc32.a(GUI_Common.o)
                0x0800e56a                GUI_GetColor
 *fill*         0x0800e582        0x2 
 .text.GUI_GetDrawMode
                0x0800e584       0x18 ../Middlewares/STemWin/Lib/STemWin_CM4_OS_wc32.a(GUI_Common.o)
                0x0800e584                GUI_GetDrawMode
 .text.GUI_GetOrg
                0x0800e59c       0x2c ../Middlewares/STemWin/Lib/STemWin_CM4_OS_wc32.a(GUI_Common.o)
                0x0800e59c                GUI_GetOrg
 .text.GUI_GetVersionString
                0x0800e5c8       0x18 ../Middlewares/STemWin/Lib/STemWin_CM4_OS_wc32.a(GUI_Common.o)
                0x0800e5c8                GUI_GetVersionString
 .text.GUI_MergeRect
                0x0800e5e0       0x56 ../Middlewares/STemWin/Lib/STemWin_CM4_OS_wc32.a(GUI_Common.o)
                0x0800e5e0                GUI_MergeRect
 .text.GUI_MoveRect
                0x0800e636       0x20 ../Middlewares/STemWin/Lib/STemWin_CM4_OS_wc32.a(GUI_Common.o)
                0x0800e636                GUI_MoveRect
 *fill*         0x0800e656        0x2 
 .text.GUI_Exec1
                0x0800e658       0x40 ../Middlewares/STemWin/Lib/STemWin_CM4_OS_wc32.a(GUI_Common.o)
                0x0800e658                GUI_Exec1
 .text.GUI_Exec
                0x0800e698       0x12 ../Middlewares/STemWin/Lib/STemWin_CM4_OS_wc32.a(GUI_Common.o)
                0x0800e698                GUI_Exec
 .text.GUI_GetBitmapPixelIndexEx
                0x0800e6aa       0x88 ../Middlewares/STemWin/Lib/STemWin_CM4_OS_wc32.a(GUI_Common.o)
                0x0800e6aa                GUI_GetBitmapPixelIndexEx
 .text.GUI_GetBitmapPixelIndex
                0x0800e732       0x18 ../Middlewares/STemWin/Lib/STemWin_CM4_OS_wc32.a(GUI_Common.o)
                0x0800e732                GUI_GetBitmapPixelIndex
 *fill*         0x0800e74a        0x2 
 .text.GUI_GotoXY
                0x0800e74c       0x20 ../Middlewares/STemWin/Lib/STemWin_CM4_OS_wc32.a(GUI_Common.o)
                0x0800e74c                GUI_GotoXY
 .text.GUI_SetPenSize
                0x0800e76c       0x1c ../Middlewares/STemWin/Lib/STemWin_CM4_OS_wc32.a(GUI_Common.o)
                0x0800e76c                GUI_SetPenSize
 .text.GUI_RectsIntersect
                0x0800e788       0x3a ../Middlewares/STemWin/Lib/STemWin_CM4_OS_wc32.a(GUI_Common.o)
                0x0800e788                GUI_RectsIntersect
 *fill*         0x0800e7c2        0x2 
 .text.GUI_SaveContext_W
                0x0800e7c4       0x14 ../Middlewares/STemWin/Lib/STemWin_CM4_OS_wc32.a(GUI_Common.o)
                0x0800e7c4                GUI_SaveContext_W
 .text.GUI_RestoreContext
                0x0800e7d8       0x14 ../Middlewares/STemWin/Lib/STemWin_CM4_OS_wc32.a(GUI_Common.o)
                0x0800e7d8                GUI_RestoreContext
 .text.GUI_SelectLCD
                0x0800e7ec       0x1a ../Middlewares/STemWin/Lib/STemWin_CM4_OS_wc32.a(GUI_Common.o)
                0x0800e7ec                GUI_SelectLCD
 .text.GUI_SetBkColor
                0x0800e806       0x16 ../Middlewares/STemWin/Lib/STemWin_CM4_OS_wc32.a(GUI_Common.o)
                0x0800e806                GUI_SetBkColor
 .text.GUI_SetColor
                0x0800e81c       0x16 ../Middlewares/STemWin/Lib/STemWin_CM4_OS_wc32.a(GUI_Common.o)
                0x0800e81c                GUI_SetColor
 .text.GUI_SetDrawMode
                0x0800e832       0x18 ../Middlewares/STemWin/Lib/STemWin_CM4_OS_wc32.a(GUI_Common.o)
                0x0800e832                GUI_SetDrawMode
 *fill*         0x0800e84a        0x2 
 .text.GUI_SetFont
                0x0800e84c       0x20 ../Middlewares/STemWin/Lib/STemWin_CM4_OS_wc32.a(GUI_Common.o)
                0x0800e84c                GUI_SetFont
 .text.GUI_SetLineStyle
                0x0800e86c       0x1c ../Middlewares/STemWin/Lib/STemWin_CM4_OS_wc32.a(GUI_Common.o)
                0x0800e86c                GUI_SetLineStyle
 .text.GUI_SetOrg
                0x0800e888       0x40 ../Middlewares/STemWin/Lib/STemWin_CM4_OS_wc32.a(GUI_Common.o)
                0x0800e888                GUI_SetOrg
 .text.GUI_SetTextAlign
                0x0800e8c8       0x20 ../Middlewares/STemWin/Lib/STemWin_CM4_OS_wc32.a(GUI_Common.o)
                0x0800e8c8                GUI_SetTextAlign
 .text.GUI_SetTextMode
                0x0800e8e8       0x20 ../Middlewares/STemWin/Lib/STemWin_CM4_OS_wc32.a(GUI_Common.o)
                0x0800e8e8                GUI_SetTextMode
 .text.GL_SetDefault
                0x0800e908       0x48 ../Middlewares/STemWin/Lib/STemWin_CM4_OS_wc32.a(GUI_Common.o)
                0x0800e908                GL_SetDefault
 .text._InitContext
                0x0800e950       0x84 ../Middlewares/STemWin/Lib/STemWin_CM4_OS_wc32.a(GUI_Core.o)
 .text._OnExit  0x0800e9d4       0x48 ../Middlewares/STemWin/Lib/STemWin_CM4_OS_wc32.a(GUI_Core.o)
 .text.GUI_SetFuncGetpPalConvTable
                0x0800ea1c        0xc ../Middlewares/STemWin/Lib/STemWin_CM4_OS_wc32.a(GUI_Core.o)
                0x0800ea1c                GUI_SetFuncGetpPalConvTable
 .text.GUI_SetDefaultFont
                0x0800ea28        0xc ../Middlewares/STemWin/Lib/STemWin_CM4_OS_wc32.a(GUI_Core.o)
                0x0800ea28                GUI_SetDefaultFont
 .text.GUI_ClearRect
                0x0800ea34       0x6c ../Middlewares/STemWin/Lib/STemWin_CM4_OS_wc32.a(GUI_Core.o)
                0x0800ea34                GUI_ClearRect
 .text.GUI_Clear
                0x0800eaa0       0x20 ../Middlewares/STemWin/Lib/STemWin_CM4_OS_wc32.a(GUI_Core.o)
                0x0800eaa0                GUI_Clear
 .text.GUI__Config
                0x0800eac0       0x98 ../Middlewares/STemWin/Lib/STemWin_CM4_OS_wc32.a(GUI_Core.o)
                0x0800eac0                GUI__Config
 .text.GUI_Init
                0x0800eb58       0xfc ../Middlewares/STemWin/Lib/STemWin_CM4_OS_wc32.a(GUI_Core.o)
                0x0800eb58                GUI_Init
 .text.GUI__RegisterExit
                0x0800ec54       0x28 ../Middlewares/STemWin/Lib/STemWin_CM4_OS_wc32.a(GUI_Core.o)
                0x0800ec54                GUI__RegisterExit
 .text.GUI_DEVICE__GetpDriver
                0x0800ec7c       0x20 ../Middlewares/STemWin/Lib/STemWin_CM4_OS_wc32.a(GUI_Device.o)
                0x0800ec7c                GUI_DEVICE__GetpDriver
 .text.GUI_DEVICE_Delete
                0x0800ec9c        0x4 ../Middlewares/STemWin/Lib/STemWin_CM4_OS_wc32.a(GUI_Device.o)
                0x0800ec9c                GUI_DEVICE_Delete
 .text.GUI_DEVICE_Create
                0x0800eca0       0x4c ../Middlewares/STemWin/Lib/STemWin_CM4_OS_wc32.a(GUI_Device.o)
                0x0800eca0                GUI_DEVICE_Create
 .text.GUI_DEVICE_Unlink
                0x0800ecec       0x30 ../Middlewares/STemWin/Lib/STemWin_CM4_OS_wc32.a(GUI_Device.o)
                0x0800ecec                GUI_DEVICE_Unlink
 .text.GUI_DEVICE_Link
                0x0800ed1c       0x84 ../Middlewares/STemWin/Lib/STemWin_CM4_OS_wc32.a(GUI_Device.o)
                0x0800ed1c                GUI_DEVICE_Link
 .text.GUI_DEVICE_CreateAndLink
                0x0800eda0       0x28 ../Middlewares/STemWin/Lib/STemWin_CM4_OS_wc32.a(GUI_Device.o)
                0x0800eda0                GUI_DEVICE_CreateAndLink
 .text.GUI_DEVICE_UnlinkTaskDevices
                0x0800edc8        0x4 ../Middlewares/STemWin/Lib/STemWin_CM4_OS_wc32.a(GUI_Device.o)
                0x0800edc8                GUI_DEVICE_UnlinkTaskDevices
 .text.GUI_DEVICE_LinkDevices
                0x0800edcc       0x10 ../Middlewares/STemWin/Lib/STemWin_CM4_OS_wc32.a(GUI_Device.o)
                0x0800edcc                GUI_DEVICE_LinkDevices
 .text.GUI_DispString
                0x0800eddc      0x120 ../Middlewares/STemWin/Lib/STemWin_CM4_OS_wc32.a(GUI_DispString.o)
                0x0800eddc                GUI_DispString
 .text.GUI_DispStringAt
                0x0800eefc       0x28 ../Middlewares/STemWin/Lib/STemWin_CM4_OS_wc32.a(GUI_DispString.o)
                0x0800eefc                GUI_DispStringAt
 .text.GUI_MULTIBUF_ConfirmEx
                0x0800ef24       0x28 ../Middlewares/STemWin/Lib/STemWin_CM4_OS_wc32.a(GUI_MULTIBUF.o)
                0x0800ef24                GUI_MULTIBUF_ConfirmEx
 .text.GUI_StoreKey
                0x0800ef4c       0x10 ../Middlewares/STemWin/Lib/STemWin_CM4_OS_wc32.a(GUI_OnKey.o)
                0x0800ef4c                GUI_StoreKey
 .text.GUI_PollKeyMsg
                0x0800ef5c       0x3c ../Middlewares/STemWin/Lib/STemWin_CM4_OS_wc32.a(GUI_OnKey.o)
                0x0800ef5c                GUI_PollKeyMsg
 .text.GUI_GetCursorLayer
                0x0800ef98       0x14 ../Middlewares/STemWin/Lib/STemWin_CM4_OS_wc32.a(GUI_SelectLayer.o)
                0x0800ef98                GUI_GetCursorLayer
 .text.GUI_GetLayerPosEx
                0x0800efac       0x28 ../Middlewares/STemWin/Lib/STemWin_CM4_OS_wc32.a(GUI_SelectLayer.o)
                0x0800efac                GUI_GetLayerPosEx
 .text.GUI_SelectLayer
                0x0800efd4       0x38 ../Middlewares/STemWin/Lib/STemWin_CM4_OS_wc32.a(GUI_SelectLayer.o)
                0x0800efd4                GUI_SelectLayer
 .text.GUI_SetLayerPosEx
                0x0800f00c       0x20 ../Middlewares/STemWin/Lib/STemWin_CM4_OS_wc32.a(GUI_SelectLayer.o)
                0x0800f00c                GUI_SetLayerPosEx
 .text.GUI_TOUCH_StoreStateEx
                0x0800f02c       0x50 ../Middlewares/STemWin/Lib/STemWin_CM4_OS_wc32.a(GUI_TOUCH.o)
                0x0800f02c                GUI_TOUCH_StoreStateEx
 .text._GetTaskNo
                0x0800f07c       0x3c ../Middlewares/STemWin/Lib/STemWin_CM4_OS_wc32.a(GUI_Task.o)
 .text._OnExit  0x0800f0b8       0x14 ../Middlewares/STemWin/Lib/STemWin_CM4_OS_wc32.a(GUI_Task.o)
 .text.GUI_Unlock
                0x0800f0cc       0x14 ../Middlewares/STemWin/Lib/STemWin_CM4_OS_wc32.a(GUI_Task.o)
                0x0800f0cc                GUI_Unlock
 .text.GUI_Lock
                0x0800f0e0       0x78 ../Middlewares/STemWin/Lib/STemWin_CM4_OS_wc32.a(GUI_Task.o)
                0x0800f0e0                GUI_Lock
 .text.GUITASK_Init
                0x0800f158       0x4c ../Middlewares/STemWin/Lib/STemWin_CM4_OS_wc32.a(GUI_Task.o)
                0x0800f158                GUITASK_Init
 .text.GUITASK_CopyContext
                0x0800f1a4       0x70 ../Middlewares/STemWin/Lib/STemWin_CM4_OS_wc32.a(GUI_Task.o)
                0x0800f1a4                GUITASK_CopyContext
 .text.GUI_UC__GetCharCodeInc
                0x0800f214       0x28 ../Middlewares/STemWin/Lib/STemWin_CM4_OS_wc32.a(GUI_UC.o)
                0x0800f214                GUI_UC__GetCharCodeInc
 .text.GUI_UC__NumChars2NumBytes
                0x0800f23c       0x24 ../Middlewares/STemWin/Lib/STemWin_CM4_OS_wc32.a(GUI_UC.o)
                0x0800f23c                GUI_UC__NumChars2NumBytes
 .text._GetCharCode
                0x0800f260        0x4 ../Middlewares/STemWin/Lib/STemWin_CM4_OS_wc32.a(GUI_UC_EncodeNone.o)
 .text._GetCharSize
                0x0800f264        0x4 ../Middlewares/STemWin/Lib/STemWin_CM4_OS_wc32.a(GUI_UC_EncodeNone.o)
 .text._CalcSizeOfChar
                0x0800f268        0x4 ../Middlewares/STemWin/Lib/STemWin_CM4_OS_wc32.a(GUI_UC_EncodeNone.o)
 .text._Encode  0x0800f26c        0x6 ../Middlewares/STemWin/Lib/STemWin_CM4_OS_wc32.a(GUI_UC_EncodeNone.o)
 *fill*         0x0800f272        0x2 
 .text.GUI_SignalEvent
                0x0800f274       0x10 ../Middlewares/STemWin/Lib/STemWin_CM4_OS_wc32.a(GUI_WaitEvent.o)
                0x0800f274                GUI_SignalEvent
 .text.GUI__MixColorsBulk
                0x0800f284       0x88 ../Middlewares/STemWin/Lib/STemWin_CM4_OS_wc32.a(GUI__Alpha.o)
                0x0800f284                GUI__MixColorsBulk
 .text.GUI__MixColors
                0x0800f30c       0x56 ../Middlewares/STemWin/Lib/STemWin_CM4_OS_wc32.a(GUI__Alpha.o)
                0x0800f30c                GUI__MixColors
 *fill*         0x0800f362        0x2 
 .text._OnExit  0x0800f364       0x28 ../Middlewares/STemWin/Lib/STemWin_CM4_OS_wc32.a(GUI__Alpha.o)
 .text.GUI__GetAlphaBuffer
                0x0800f38c       0xb8 ../Middlewares/STemWin/Lib/STemWin_CM4_OS_wc32.a(GUI__Alpha.o)
                0x0800f38c                GUI__GetAlphaBuffer
 .text.GUI__DoAlphaBlending
                0x0800f444      0x1d4 ../Middlewares/STemWin/Lib/STemWin_CM4_OS_wc32.a(GUI__Alpha.o)
                0x0800f444                GUI__DoAlphaBlending
 .text.GUI__AllocAlphaBuffer
                0x0800f618       0x1a ../Middlewares/STemWin/Lib/STemWin_CM4_OS_wc32.a(GUI__Alpha.o)
                0x0800f618                GUI__AllocAlphaBuffer
 *fill*         0x0800f632        0x2 
 .text.GUI_SetFuncAlphaBlending
                0x0800f634       0x10 ../Middlewares/STemWin/Lib/STemWin_CM4_OS_wc32.a(GUI__Alpha.o)
                0x0800f634                GUI_SetFuncAlphaBlending
 .text.GUI_SetFuncMixColors
                0x0800f644       0x10 ../Middlewares/STemWin/Lib/STemWin_CM4_OS_wc32.a(GUI__Alpha.o)
                0x0800f644                GUI_SetFuncMixColors
 .text.GUI_SetFuncMixColorsBulk
                0x0800f654       0x10 ../Middlewares/STemWin/Lib/STemWin_CM4_OS_wc32.a(GUI__Alpha.o)
                0x0800f654                GUI_SetFuncMixColorsBulk
 .text.GUI__ExpandPixelIndicesEx
                0x0800f664      0x17c ../Middlewares/STemWin/Lib/STemWin_CM4_OS_wc32.a(GUI__ExpandPixelIndices.o)
                0x0800f664                GUI__ExpandPixelIndicesEx
 .text.GUI__IntersectRect
                0x0800f7e0       0x3a ../Middlewares/STemWin/Lib/STemWin_CM4_OS_wc32.a(GUI__Private.o)
                0x0800f7e0                GUI__IntersectRect
 .text.GUI__IntersectRects
                0x0800f81a       0x56 ../Middlewares/STemWin/Lib/STemWin_CM4_OS_wc32.a(GUI__Private.o)
                0x0800f81a                GUI__IntersectRects
 .text.GUI__memset
                0x0800f870       0x5e ../Middlewares/STemWin/Lib/STemWin_CM4_OS_wc32.a(GUI__Private.o)
                0x0800f870                GUI__memset
 *fill*         0x0800f8ce        0x2 
 .text._SetDrawMode
                0x0800f8d0       0x28 ../Middlewares/STemWin/Lib/STemWin_CM4_OS_wc32.a(LCD.o)
 .text.LCD_SetDrawMode
                0x0800f8f8        0xc ../Middlewares/STemWin/Lib/STemWin_CM4_OS_wc32.a(LCD.o)
                0x0800f8f8                LCD_SetDrawMode
 .text.LCD_DrawPixel
                0x0800f904       0x60 ../Middlewares/STemWin/Lib/STemWin_CM4_OS_wc32.a(LCD.o)
                0x0800f904                LCD_DrawPixel
 .text.LCD_DrawHLine
                0x0800f964       0x50 ../Middlewares/STemWin/Lib/STemWin_CM4_OS_wc32.a(LCD.o)
                0x0800f964                LCD_DrawHLine
 .text.LCD_FillRect
                0x0800f9b4       0x58 ../Middlewares/STemWin/Lib/STemWin_CM4_OS_wc32.a(LCD.o)
                0x0800f9b4                LCD_FillRect
 .text.LCD__DrawBitmap_1bpp
                0x0800fa0c      0x1d8 ../Middlewares/STemWin/Lib/STemWin_CM4_OS_wc32.a(LCD.o)
                0x0800fa0c                LCD__DrawBitmap_1bpp
 .text.LCD_DrawBitmap
                0x0800fbe4      0x224 ../Middlewares/STemWin/Lib/STemWin_CM4_OS_wc32.a(LCD.o)
                0x0800fbe4                LCD_DrawBitmap
 .text.LCD_SetClipRectMax
                0x0800fe08       0x1c ../Middlewares/STemWin/Lib/STemWin_CM4_OS_wc32.a(LCD.o)
                0x0800fe08                LCD_SetClipRectMax
 .text.emWin_LCD_Init
                0x0800fe24       0xa4 ../Middlewares/STemWin/Lib/STemWin_CM4_OS_wc32.a(LCD.o)
                0x0800fe24                emWin_LCD_Init
 .text.LCD_Color2Index
                0x0800fec8       0x1c ../Middlewares/STemWin/Lib/STemWin_CM4_OS_wc32.a(LCD.o)
                0x0800fec8                LCD_Color2Index
 .text.LCD_Index2Color
                0x0800fee4       0x1c ../Middlewares/STemWin/Lib/STemWin_CM4_OS_wc32.a(LCD.o)
                0x0800fee4                LCD_Index2Color
 .text.LCD_SetColorIndex
                0x0800ff00       0x18 ../Middlewares/STemWin/Lib/STemWin_CM4_OS_wc32.a(LCD.o)
                0x0800ff00                LCD_SetColorIndex
 .text._SetColor